<!DOCTYPE html>
<html>
    <head>
        <meta charset="utf-8" />
        <title>Untitled Plot</title>
    </head>
    <body>
        <div id="plot" class="container"></div>
        <div id="dataset" style="display:none">{&quot;data&quot;:[{&quot;type&quot;:&quot;scatter&quot;,&quot;mode&quot;:&quot;lines&quot;,&quot;x&quot;:[1,2,3],&quot;y&quot;:[4,5,6],&quot;marker&quot;:{&quot;color&quot;:&quot;#636EFA&quot;},&quot;line&quot;:{&quot;color&quot;:&quot;#636EFA&quot;},&quot;name&quot;:&quot;&quot;,&quot;hovertemplate&quot;:&quot;group=A&lt;br&gt;x=%{x}&lt;br&gt;y=%{y}&quot;},{&quot;type&quot;:&quot;scatter&quot;,&quot;mode&quot;:&quot;lines&quot;,&quot;x&quot;:[2,3,4],&quot;y&quot;:[7,8,9],&quot;marker&quot;:{&quot;color&quot;:&quot;#636EFA&quot;},&quot;line&quot;:{&quot;color&quot;:&quot;#636EFA&quot;},&quot;name&quot;:&quot;&quot;,&quot;hovertemplate&quot;:&quot;group=B&lt;br&gt;x=%{x}&lt;br&gt;y=%{y}&quot;,&quot;xaxis&quot;:&quot;x2&quot;,&quot;showlegend&quot;:false}],&quot;layout&quot;:{&quot;grid&quot;:{&quot;rows&quot;:1,&quot;columns&quot;:2,&quot;pattern&quot;:&quot;coupled&quot;},&quot;showlegend&quot;:false,&quot;annotations&quot;:[{&quot;xref&quot;:&quot;x domain&quot;,&quot;yref&quot;:&quot;y domain&quot;,&quot;x&quot;:0.5,&quot;y&quot;:1.0,&quot;yshift&quot;:20.0,&quot;showarrow&quot;:false,&quot;align&quot;:&quot;center&quot;,&quot;text&quot;:&quot;group=A&quot;},{&quot;xref&quot;:&quot;x2 domain&quot;,&quot;yref&quot;:&quot;y domain&quot;,&quot;x&quot;:0.5,&quot;y&quot;:1.0,&quot;yshift&quot;:20.0,&quot;showarrow&quot;:false,&quot;align&quot;:&quot;center&quot;,&quot;text&quot;:&quot;group=B&quot;}],&quot;xaxis&quot;:{&quot;title&quot;:{&quot;text&quot;:&quot;x&quot;}},&quot;xaxis2&quot;:{&quot;title&quot;:{&quot;text&quot;:&quot;x&quot;},&quot;matches&quot;:&quot;x&quot;},&quot;yaxis&quot;:{&quot;title&quot;:{&quot;text&quot;:&quot;y&quot;}},&quot;title&quot;:{&quot;text&quot;:&quot;Test Title&quot;}},&quot;config&quot;:{&quot;scrollZoom&quot;:true,&quot;responsive&quot;:true}}</div>
    </body>
    <style>
        html,
        body,
        .container {
            height: 100%;
            width: 100%;
            margin: 0px;
        }
    </style>
    <script src="https://cdn.jsdelivr.net/npm/mathjax@3.2.2/es5/tex-svg.js"></script>
    <script src="https://cdn.plot.ly/plotly-3.0.1.min.js" charset="utf-8"></script>
    <script type="text/javascript">
        var dataset_str = document.querySelector('#dataset').textContent;
        var dataset = JSON.parse(dataset_str);
        Plotly.newPlot("plot", dataset.data, dataset.layout, dataset.config);
    </script>
</html>

