<!DOCTYPE html>
<html>
    <head>
        <meta charset="utf-8" />
        <title>Untitled Plot</title>
    </head>
    <body>
        <div id="plot" class="container"></div>
        <div id="dataset" style="display:none">{&quot;data&quot;:[{&quot;type&quot;:&quot;box&quot;,&quot;y&quot;:[1,2,3],&quot;marker&quot;:{&quot;color&quot;:&quot;#E66B0A&quot;},&quot;outliercolor&quot;:&quot;#E66B0A&quot;,&quot;line&quot;:{&quot;color&quot;:&quot;#E66B0A&quot;},&quot;boxmean&quot;:false,&quot;boxpoints&quot;:&quot;outliers&quot;,&quot;name&quot;:&quot;1&quot;,&quot;hovertemplate&quot;:&quot;group=1&lt;br&gt;y=%{y}&quot;},{&quot;type&quot;:&quot;box&quot;,&quot;y&quot;:[4,5,6],&quot;marker&quot;:{&quot;color&quot;:&quot;#0E65E5&quot;},&quot;outliercolor&quot;:&quot;#0E65E5&quot;,&quot;line&quot;:{&quot;color&quot;:&quot;#0E65E5&quot;},&quot;boxmean&quot;:false,&quot;boxpoints&quot;:&quot;outliers&quot;,&quot;name&quot;:&quot;2&quot;,&quot;hovertemplate&quot;:&quot;group=2&lt;br&gt;y=%{y}&quot;},{&quot;type&quot;:&quot;box&quot;,&quot;y&quot;:[7,8,9],&quot;marker&quot;:{&quot;color&quot;:&quot;#E514CD&quot;},&quot;outliercolor&quot;:&quot;#E514CD&quot;,&quot;line&quot;:{&quot;color&quot;:&quot;#E514CD&quot;},&quot;boxmean&quot;:false,&quot;boxpoints&quot;:&quot;outliers&quot;,&quot;name&quot;:&quot;5&quot;,&quot;hovertemplate&quot;:&quot;group=5&lt;br&gt;y=%{y}&quot;}],&quot;layout&quot;:{&quot;legend&quot;:{&quot;title&quot;:{&quot;text&quot;:&quot;group&quot;}},&quot;yaxis&quot;:{&quot;title&quot;:{&quot;text&quot;:&quot;y&quot;}},&quot;xaxis&quot;:{&quot;type&quot;:&quot;category&quot;},&quot;title&quot;:{&quot;text&quot;:&quot;Test Title&quot;}},&quot;config&quot;:{&quot;scrollZoom&quot;:true,&quot;responsive&quot;:true},&quot;template&quot;:{&quot;data&quot;:[],&quot;layout&quot;:{&quot;title&quot;:{&quot;x&quot;:0.05},&quot;xaxis&quot;:{&quot;showline&quot;:true,&quot;linecolor&quot;:&quot;#242424&quot;,&quot;gridcolor&quot;:&quot;#C8C8C8&quot;,&quot;zerolinecolor&quot;:&quot;#C8C8C8&quot;,&quot;ticks&quot;:&quot;outside&quot;},&quot;yaxis&quot;:{&quot;showline&quot;:true,&quot;linecolor&quot;:&quot;#242424&quot;,&quot;gridcolor&quot;:&quot;#C8C8C8&quot;,&quot;zerolinecolor&quot;:&quot;#C8C8C8&quot;,&quot;ticks&quot;:&quot;outside&quot;}}}}</div>
    </body>
    <style>
        html,
        body,
        .container {
            height: 100%;
            width: 100%;
            margin: 0px;
        }
    </style>
    <script src="https://cdn.jsdelivr.net/npm/mathjax@3.2.2/es5/tex-svg.js"></script>
    <script src="https://cdn.plot.ly/plotly-3.0.1.min.js" charset="utf-8"></script>
    <script type="text/javascript">
        var dataset_str = document.querySelector('#dataset').textContent;
        var dataset = JSON.parse(dataset_str);
        dataset.layout.template = Plotly.makeTemplate(dataset.template);
        Plotly.newPlot("plot", dataset);
    </script>
</html>

