<!DOCTYPE html>
<html>
    <head>
        <meta charset="utf-8" />
        <title>Untitled Plot</title>
    </head>
    <body>
        <div id="plot" class="container"></div>
        <div id="dataset" style="display:none">{&quot;data&quot;:[{&quot;type&quot;:&quot;box&quot;,&quot;y&quot;:[1,2,3,4,5,6,7,8,9],&quot;text&quot;:[&quot;&lt;br&gt;additional1=a&lt;br&gt;additional2=A&quot;,&quot;&lt;br&gt;additional1=b&lt;br&gt;additional2=B&quot;,&quot;&lt;br&gt;additional1=c&lt;br&gt;additional2=C&quot;,&quot;&lt;br&gt;additional1=d&lt;br&gt;additional2=D&quot;,&quot;&lt;br&gt;additional1=e&lt;br&gt;additional2=E&quot;,&quot;&lt;br&gt;additional1=f&lt;br&gt;additional2=F&quot;,&quot;&lt;br&gt;additional1=g&lt;br&gt;additional2=G&quot;,&quot;&lt;br&gt;additional1=h&lt;br&gt;additional2=H&quot;,&quot;&lt;br&gt;additional1=i&lt;br&gt;additional2=I&quot;],&quot;marker&quot;:{&quot;color&quot;:&quot;#636EFA&quot;},&quot;outliercolor&quot;:&quot;#636EFA&quot;,&quot;line&quot;:{&quot;color&quot;:&quot;#636EFA&quot;},&quot;boxmean&quot;:false,&quot;boxpoints&quot;:&quot;all&quot;,&quot;name&quot;:&quot;&quot;,&quot;hovertemplate&quot;:&quot;y=%{y}%{text}&quot;}],&quot;layout&quot;:{&quot;showlegend&quot;:false,&quot;yaxis&quot;:{&quot;title&quot;:{&quot;text&quot;:&quot;y&quot;}},&quot;xaxis&quot;:{&quot;type&quot;:&quot;category&quot;},&quot;title&quot;:{&quot;text&quot;:&quot;Test Title&quot;}},&quot;config&quot;:{&quot;scrollZoom&quot;:true,&quot;responsive&quot;:true},&quot;template&quot;:{&quot;data&quot;:[],&quot;layout&quot;:{&quot;title&quot;:{&quot;x&quot;:0.05},&quot;xaxis&quot;:{&quot;showline&quot;:true,&quot;linecolor&quot;:&quot;#242424&quot;,&quot;gridcolor&quot;:&quot;#C8C8C8&quot;,&quot;zerolinecolor&quot;:&quot;#C8C8C8&quot;,&quot;ticks&quot;:&quot;outside&quot;},&quot;yaxis&quot;:{&quot;showline&quot;:true,&quot;linecolor&quot;:&quot;#242424&quot;,&quot;gridcolor&quot;:&quot;#C8C8C8&quot;,&quot;zerolinecolor&quot;:&quot;#C8C8C8&quot;,&quot;ticks&quot;:&quot;outside&quot;}}}}</div>
    </body>
    <style>
        html,
        body,
        .container {
            height: 100%;
            width: 100%;
            margin: 0px;
        }
    </style>
    <script src="https://cdn.jsdelivr.net/npm/mathjax@3.2.2/es5/tex-svg.js"></script>
    <script src="https://cdn.plot.ly/plotly-3.0.1.min.js" charset="utf-8"></script>
    <script type="text/javascript">
        var dataset_str = document.querySelector('#dataset').textContent;
        var dataset = JSON.parse(dataset_str);
        dataset.layout.template = Plotly.makeTemplate(dataset.template);
        Plotly.newPlot("plot", dataset);
    </script>
</html>

