<!DOCTYPE html>
<html>
    <head>
        <meta charset="utf-8" />
        <title>Test Title</title>
    </head>
    <body>
        <div id="plot" class="container"></div>
        <div id="dataset" style="display:none">{&quot;data&quot;:[{&quot;type&quot;:&quot;scatter&quot;,&quot;mode&quot;:&quot;lines+markers&quot;,&quot;x&quot;:[1,2,3],&quot;y&quot;:[4,5,6],&quot;error_x&quot;:{&quot;array&quot;:[0.1,0.2,0.3],&quot;arrayminus&quot;:[0.05,0.1,0.15],&quot;symmetric&quot;:false,&quot;type&quot;:&quot;data&quot;,&quot;visible&quot;:true},&quot;error_y&quot;:{&quot;array&quot;:[0.2,0.3,0.4],&quot;arrayminus&quot;:[0.1,0.2,0.3],&quot;symmetric&quot;:false,&quot;type&quot;:&quot;data&quot;,&quot;visible&quot;:true},&quot;marker&quot;:{&quot;color&quot;:&quot;rgb(31, 119, 180)&quot;},&quot;line&quot;:{&quot;color&quot;:&quot;rgb(31, 119, 180)&quot;,&quot;dash&quot;:&quot;solid&quot;},&quot;name&quot;:&quot;&quot;,&quot;legendgroup&quot;:&quot;&quot;,&quot;hovertemplate&quot;:&quot;x=%{x}&lt;br&gt;y=%{y}&quot;}],&quot;layout&quot;:{&quot;showlegend&quot;:false,&quot;xaxis&quot;:{&quot;title&quot;:{&quot;text&quot;:&quot;x&quot;}},&quot;yaxis&quot;:{&quot;title&quot;:{&quot;text&quot;:&quot;y&quot;}},&quot;title&quot;:{&quot;text&quot;:&quot;Test Title&quot;},&quot;legend&quot;:{&quot;tracegroupgap&quot;:0.0}},&quot;config&quot;:{&quot;scrollZoom&quot;:true,&quot;responsive&quot;:true},&quot;template&quot;:{&quot;data&quot;:[],&quot;layout&quot;:{&quot;title&quot;:{&quot;x&quot;:0.05},&quot;xaxis&quot;:{&quot;showline&quot;:true,&quot;linecolor&quot;:&quot;#242424&quot;,&quot;gridcolor&quot;:&quot;#C8C8C8&quot;,&quot;zerolinecolor&quot;:&quot;#C8C8C8&quot;,&quot;ticks&quot;:&quot;outside&quot;},&quot;yaxis&quot;:{&quot;showline&quot;:true,&quot;linecolor&quot;:&quot;#242424&quot;,&quot;gridcolor&quot;:&quot;#C8C8C8&quot;,&quot;zerolinecolor&quot;:&quot;#C8C8C8&quot;,&quot;ticks&quot;:&quot;outside&quot;}}}}</div>
    </body>
    <style>
        html,
        body,
        .container {
            height: 100%;
            width: 100%;
            margin: 0px;
        }
    </style>
    <script src="https://cdn.jsdelivr.net/npm/mathjax@3.2.2/es5/tex-svg.js"></script>
    <script src="https://cdn.plot.ly/plotly-3.1.1.min.js" charset="utf-8"></script>
    <script type="text/javascript">
        var dataset_str = document.querySelector('#dataset').textContent;
        var dataset = JSON.parse(dataset_str);
        dataset.layout.template = Plotly.makeTemplate(dataset.template);
        Plotly.newPlot("plot", dataset);
    </script>
</html>

