<!DOCTYPE html>
<html>
    <head>
        <meta charset="utf-8" />
        <title>Histogram with Two Groups</title>
    </head>
    <body>
        <div id="plot" class="container"></div>
        <div id="dataset" style="display:none">{&quot;data&quot;:[{&quot;type&quot;:&quot;bar&quot;,&quot;x&quot;:[1.0,3.0,5.0,7.0,9.0],&quot;width&quot;:[2.0,2.0,2.0,2.0,2.0],&quot;y&quot;:[2,1,1,1,0],&quot;marker&quot;:{&quot;color&quot;:&quot;#636EFA&quot;},&quot;name&quot;:&quot;A&quot;,&quot;legendgroup&quot;:&quot;A&quot;,&quot;hovertemplate&quot;:&quot;group2=C&lt;br&gt;group1=A&lt;br&gt;values=%{x}&lt;br&gt;count=%{y}&quot;,&quot;opacity&quot;:0.8},{&quot;type&quot;:&quot;bar&quot;,&quot;x&quot;:[1.0,3.0,5.0,7.0,9.0],&quot;width&quot;:[2.0,2.0,2.0,2.0,2.0],&quot;y&quot;:[0,2,2,0,1],&quot;marker&quot;:{&quot;color&quot;:&quot;#EF553B&quot;},&quot;name&quot;:&quot;B&quot;,&quot;legendgroup&quot;:&quot;B&quot;,&quot;hovertemplate&quot;:&quot;group2=C&lt;br&gt;group1=B&lt;br&gt;values=%{x}&lt;br&gt;count=%{y}&quot;,&quot;opacity&quot;:0.8},{&quot;type&quot;:&quot;bar&quot;,&quot;x&quot;:[1.0,3.0,5.0,7.0,9.0],&quot;width&quot;:[2.0,2.0,2.0,2.0,2.0],&quot;y&quot;:[1,2,1,1,0],&quot;marker&quot;:{&quot;color&quot;:&quot;#636EFA&quot;},&quot;name&quot;:&quot;A&quot;,&quot;legendgroup&quot;:&quot;A&quot;,&quot;hovertemplate&quot;:&quot;group2=D&lt;br&gt;group1=A&lt;br&gt;values=%{x}&lt;br&gt;count=%{y}&quot;,&quot;xaxis&quot;:&quot;x2&quot;,&quot;yaxis&quot;:&quot;y2&quot;,&quot;showlegend&quot;:false,&quot;opacity&quot;:0.8},{&quot;type&quot;:&quot;bar&quot;,&quot;x&quot;:[1.0,3.0,5.0,7.0,9.0],&quot;width&quot;:[2.0,2.0,2.0,2.0,2.0],&quot;y&quot;:[0,1,2,1,1],&quot;marker&quot;:{&quot;color&quot;:&quot;#EF553B&quot;},&quot;name&quot;:&quot;B&quot;,&quot;legendgroup&quot;:&quot;B&quot;,&quot;hovertemplate&quot;:&quot;group2=D&lt;br&gt;group1=B&lt;br&gt;values=%{x}&lt;br&gt;count=%{y}&quot;,&quot;xaxis&quot;:&quot;x2&quot;,&quot;yaxis&quot;:&quot;y2&quot;,&quot;showlegend&quot;:false,&quot;opacity&quot;:0.8}],&quot;layout&quot;:{&quot;grid&quot;:{&quot;rows&quot;:2,&quot;columns&quot;:1,&quot;xgap&quot;:0.1,&quot;ygap&quot;:0.1,&quot;pattern&quot;:&quot;independent&quot;},&quot;barmode&quot;:&quot;overlay&quot;,&quot;legend&quot;:{&quot;title&quot;:{&quot;text&quot;:&quot;group1&quot;},&quot;tracegroupgap&quot;:0.0},&quot;annotations&quot;:[{&quot;xref&quot;:&quot;x domain&quot;,&quot;yref&quot;:&quot;y domain&quot;,&quot;x&quot;:1.0,&quot;y&quot;:0.5,&quot;xshift&quot;:30.0,&quot;textangle&quot;:90.0,&quot;showarrow&quot;:false,&quot;align&quot;:&quot;center&quot;,&quot;text&quot;:&quot;group2=C&quot;},{&quot;xref&quot;:&quot;x2 domain&quot;,&quot;yref&quot;:&quot;y2 domain&quot;,&quot;x&quot;:1.0,&quot;y&quot;:0.5,&quot;xshift&quot;:30.0,&quot;textangle&quot;:90.0,&quot;showarrow&quot;:false,&quot;align&quot;:&quot;center&quot;,&quot;text&quot;:&quot;group2=D&quot;}],&quot;xaxis2&quot;:{&quot;title&quot;:{&quot;text&quot;:&quot;values&quot;},&quot;matches&quot;:&quot;x&quot;,&quot;range&quot;:[0.0,10.0]},&quot;yaxis&quot;:{&quot;title&quot;:{&quot;text&quot;:&quot;Count&quot;},&quot;range&quot;:[0.0,2.2]},&quot;yaxis2&quot;:{&quot;title&quot;:{&quot;text&quot;:&quot;Count&quot;},&quot;matches&quot;:&quot;y&quot;,&quot;range&quot;:[0.0,2.2]},&quot;xaxis&quot;:{&quot;showticklabels&quot;:false,&quot;range&quot;:[0.0,10.0]},&quot;title&quot;:{&quot;text&quot;:&quot;Histogram with Two Groups&quot;}},&quot;config&quot;:{&quot;scrollZoom&quot;:true,&quot;responsive&quot;:true},&quot;template&quot;:{&quot;data&quot;:[],&quot;layout&quot;:{&quot;title&quot;:{&quot;x&quot;:0.05},&quot;xaxis&quot;:{&quot;showline&quot;:true,&quot;linecolor&quot;:&quot;#242424&quot;,&quot;gridcolor&quot;:&quot;#C8C8C8&quot;,&quot;zerolinecolor&quot;:&quot;#C8C8C8&quot;,&quot;ticks&quot;:&quot;outside&quot;},&quot;yaxis&quot;:{&quot;showline&quot;:true,&quot;linecolor&quot;:&quot;#242424&quot;,&quot;gridcolor&quot;:&quot;#C8C8C8&quot;,&quot;zerolinecolor&quot;:&quot;#C8C8C8&quot;,&quot;ticks&quot;:&quot;outside&quot;}}}}</div>
    </body>
    <style>
        html,
        body,
        .container {
            height: 100%;
            width: 100%;
            margin: 0px;
        }
    </style>
    <script src="https://cdn.jsdelivr.net/npm/mathjax@3.2.2/es5/tex-svg.js"></script>
    <script src="https://cdn.plot.ly/plotly-3.1.0.min.js" charset="utf-8"></script>
    <script type="text/javascript">
        var dataset_str = document.querySelector('#dataset').textContent;
        var dataset = JSON.parse(dataset_str);
        dataset.layout.template = Plotly.makeTemplate(dataset.template);
        Plotly.newPlot("plot", dataset);
    </script>
</html>

