<!DOCTYPE html>
<html>
    <head>
        <meta charset="utf-8" />
        <title>Test Title</title>
    </head>
    <body>
        <div id="plot" class="container"></div>
        <div id="dataset" style="display:none">{&quot;data&quot;:[{&quot;type&quot;:&quot;bar&quot;,&quot;x&quot;:[1.0,3.0,5.0,7.0,9.0],&quot;width&quot;:[2.0,2.0,2.0,2.0,2.0],&quot;y&quot;:[2,2,2,0,0],&quot;marker&quot;:{&quot;color&quot;:&quot;rgb(31, 119, 180)&quot;},&quot;name&quot;:&quot;&quot;,&quot;legendgroup&quot;:&quot;&quot;,&quot;hovertemplate&quot;:&quot;values=%{x}&lt;br&gt;count=%{y}&quot;,&quot;opacity&quot;:0.8}],&quot;layout&quot;:{&quot;sliders&quot;:[{&quot;currentvalue&quot;:{&quot;visible&quot;:true,&quot;prefix&quot;:&quot;group=&quot;},&quot;steps&quot;:[{&quot;label&quot;:&quot;A&quot;,&quot;method&quot;:&quot;animate&quot;,&quot;args&quot;:[[&quot;A&quot;]]},{&quot;label&quot;:&quot;B&quot;,&quot;method&quot;:&quot;animate&quot;,&quot;args&quot;:[[&quot;B&quot;]]}],&quot;pad&quot;:{&quot;l&quot;:120.0,&quot;t&quot;:70.0}}],&quot;showlegend&quot;:false,&quot;updatemenus&quot;:[{&quot;type&quot;:&quot;buttons&quot;,&quot;xanchor&quot;:&quot;left&quot;,&quot;yanchor&quot;:&quot;top&quot;,&quot;x&quot;:0.0,&quot;y&quot;:0.0,&quot;direction&quot;:&quot;left&quot;,&quot;pad&quot;:{&quot;t&quot;:80.0},&quot;buttons&quot;:[{&quot;label&quot;:&quot;▶&quot;,&quot;method&quot;:&quot;animate&quot;,&quot;args&quot;:[null,{&quot;mode&quot;:&quot;immediate&quot;,&quot;fromcurrent&quot;:true,&quot;frame&quot;:{&quot;redraw&quot;:false}}]},{&quot;label&quot;:&quot;◼&quot;,&quot;method&quot;:&quot;animate&quot;,&quot;args&quot;:[[null],{&quot;mode&quot;:&quot;immediate&quot;,&quot;frame&quot;:{&quot;redraw&quot;:false}}]}]}],&quot;xaxis&quot;:{&quot;title&quot;:{&quot;text&quot;:&quot;values&quot;},&quot;range&quot;:[0.0,10.0]},&quot;yaxis&quot;:{&quot;title&quot;:{&quot;text&quot;:&quot;Count&quot;},&quot;range&quot;:[0.0,2.2]},&quot;title&quot;:{&quot;text&quot;:&quot;Test Title&quot;},&quot;legend&quot;:{&quot;tracegroupgap&quot;:0.0}},&quot;config&quot;:{&quot;scrollZoom&quot;:true,&quot;responsive&quot;:true},&quot;template&quot;:{&quot;data&quot;:[],&quot;layout&quot;:{&quot;title&quot;:{&quot;x&quot;:0.05},&quot;xaxis&quot;:{&quot;showline&quot;:true,&quot;linecolor&quot;:&quot;#242424&quot;,&quot;gridcolor&quot;:&quot;#C8C8C8&quot;,&quot;zerolinecolor&quot;:&quot;#C8C8C8&quot;,&quot;ticks&quot;:&quot;outside&quot;},&quot;yaxis&quot;:{&quot;showline&quot;:true,&quot;linecolor&quot;:&quot;#242424&quot;,&quot;gridcolor&quot;:&quot;#C8C8C8&quot;,&quot;zerolinecolor&quot;:&quot;#C8C8C8&quot;,&quot;ticks&quot;:&quot;outside&quot;}}},&quot;frames&quot;:[{&quot;data&quot;:[{&quot;type&quot;:&quot;bar&quot;,&quot;x&quot;:[1.0,3.0,5.0,7.0,9.0],&quot;width&quot;:[2.0,2.0,2.0,2.0,2.0],&quot;y&quot;:[2,2,2,0,0],&quot;marker&quot;:{&quot;color&quot;:&quot;rgb(31, 119, 180)&quot;},&quot;name&quot;:&quot;&quot;,&quot;legendgroup&quot;:&quot;&quot;,&quot;hovertemplate&quot;:&quot;values=%{x}&lt;br&gt;count=%{y}&quot;,&quot;opacity&quot;:0.8}],&quot;layout&quot;:{},&quot;name&quot;:&quot;A&quot;},{&quot;data&quot;:[{&quot;type&quot;:&quot;bar&quot;,&quot;x&quot;:[1.0,3.0,5.0,7.0,9.0],&quot;width&quot;:[2.0,2.0,2.0,2.0,2.0],&quot;y&quot;:[0,0,0,2,2],&quot;marker&quot;:{&quot;color&quot;:&quot;rgb(31, 119, 180)&quot;},&quot;name&quot;:&quot;&quot;,&quot;legendgroup&quot;:&quot;&quot;,&quot;hovertemplate&quot;:&quot;values=%{x}&lt;br&gt;count=%{y}&quot;,&quot;opacity&quot;:0.8}],&quot;layout&quot;:{},&quot;name&quot;:&quot;B&quot;}]}</div>
    </body>
    <style>
        html,
        body,
        .container {
            height: 100%;
            width: 100%;
            margin: 0px;
        }
    </style>
    <script src="https://cdn.jsdelivr.net/npm/mathjax@3.2.2/es5/tex-svg.js"></script>
    <script src="https://cdn.plot.ly/plotly-3.1.0.min.js" charset="utf-8"></script>
    <script type="text/javascript">
        var dataset_str = document.querySelector('#dataset').textContent;
        var dataset = JSON.parse(dataset_str);
        dataset.layout.template = Plotly.makeTemplate(dataset.template);
        Plotly.newPlot("plot", dataset).then(function() {
            Plotly.addFrames("plot", dataset.frames);
        });
    </script>
</html>

