<!DOCTYPE html>
<html>
    <head>
        <meta charset="utf-8" />
        <title>Untitled Plot</title>
    </head>
    <body>
        <div id="plot" class="container"></div>
        <div id="dataset" style="display:none">{&quot;data&quot;:[{&quot;type&quot;:&quot;box&quot;,&quot;x&quot;:[&quot;A&quot;,&quot;A&quot;,&quot;A&quot;,&quot;A&quot;,&quot;A&quot;,&quot;B&quot;,&quot;B&quot;,&quot;B&quot;,&quot;B&quot;,&quot;B&quot;],&quot;y&quot;:[0,2,3,5,7,5,6,7,8,11],&quot;text&quot;:[&quot;&lt;br&gt;hover=a&quot;,&quot;&lt;br&gt;hover=b&quot;,&quot;&lt;br&gt;hover=c&quot;,&quot;&lt;br&gt;hover=d&quot;,&quot;&lt;br&gt;hover=e&quot;,&quot;&lt;br&gt;hover=u&quot;,&quot;&lt;br&gt;hover=v&quot;,&quot;&lt;br&gt;hover=w&quot;,&quot;&lt;br&gt;hover=x&quot;,&quot;&lt;br&gt;hover=y&quot;],&quot;marker&quot;:{&quot;color&quot;:&quot;#636EFA&quot;},&quot;outliercolor&quot;:&quot;#636EFA&quot;,&quot;line&quot;:{&quot;color&quot;:&quot;#636EFA&quot;},&quot;boxmean&quot;:&quot;sd&quot;,&quot;boxpoints&quot;:&quot;all&quot;,&quot;name&quot;:&quot;C&quot;,&quot;legendgroup&quot;:&quot;C&quot;,&quot;offsetgroup&quot;:&quot;C&quot;,&quot;hovertemplate&quot;:&quot;group3=E&lt;br&gt;group2=C&lt;br&gt;group1=%{x}&lt;br&gt;y=%{y}%{text}&quot;},{&quot;type&quot;:&quot;box&quot;,&quot;x&quot;:[&quot;A&quot;,&quot;A&quot;,&quot;A&quot;,&quot;A&quot;,&quot;A&quot;,&quot;B&quot;,&quot;B&quot;,&quot;B&quot;,&quot;B&quot;,&quot;B&quot;],&quot;y&quot;:[3,4,5,6,9,6,7,8,9,10],&quot;text&quot;:[&quot;&lt;br&gt;hover=k&quot;,&quot;&lt;br&gt;hover=l&quot;,&quot;&lt;br&gt;hover=m&quot;,&quot;&lt;br&gt;hover=n&quot;,&quot;&lt;br&gt;hover=o&quot;,&quot;&lt;br&gt;hover=ee&quot;,&quot;&lt;br&gt;hover=ff&quot;,&quot;&lt;br&gt;hover=gg&quot;,&quot;&lt;br&gt;hover=hh&quot;,&quot;&lt;br&gt;hover=ii&quot;],&quot;marker&quot;:{&quot;color&quot;:&quot;#EF553B&quot;},&quot;outliercolor&quot;:&quot;#EF553B&quot;,&quot;line&quot;:{&quot;color&quot;:&quot;#EF553B&quot;},&quot;boxmean&quot;:&quot;sd&quot;,&quot;boxpoints&quot;:&quot;all&quot;,&quot;name&quot;:&quot;D&quot;,&quot;legendgroup&quot;:&quot;D&quot;,&quot;offsetgroup&quot;:&quot;D&quot;,&quot;hovertemplate&quot;:&quot;group3=E&lt;br&gt;group2=D&lt;br&gt;group1=%{x}&lt;br&gt;y=%{y}%{text}&quot;},{&quot;type&quot;:&quot;box&quot;,&quot;x&quot;:[&quot;A&quot;,&quot;A&quot;,&quot;A&quot;,&quot;A&quot;,&quot;A&quot;,&quot;B&quot;,&quot;B&quot;,&quot;B&quot;,&quot;B&quot;,&quot;B&quot;],&quot;y&quot;:[2,3,4,5,8,6,7,8,9,12],&quot;text&quot;:[&quot;&lt;br&gt;hover=f&quot;,&quot;&lt;br&gt;hover=g&quot;,&quot;&lt;br&gt;hover=h&quot;,&quot;&lt;br&gt;hover=i&quot;,&quot;&lt;br&gt;hover=j&quot;,&quot;&lt;br&gt;hover=z&quot;,&quot;&lt;br&gt;hover=aa&quot;,&quot;&lt;br&gt;hover=bb&quot;,&quot;&lt;br&gt;hover=cc&quot;,&quot;&lt;br&gt;hover=dd&quot;],&quot;marker&quot;:{&quot;color&quot;:&quot;#636EFA&quot;},&quot;outliercolor&quot;:&quot;#636EFA&quot;,&quot;line&quot;:{&quot;color&quot;:&quot;#636EFA&quot;},&quot;boxmean&quot;:&quot;sd&quot;,&quot;boxpoints&quot;:&quot;all&quot;,&quot;name&quot;:&quot;C&quot;,&quot;legendgroup&quot;:&quot;C&quot;,&quot;offsetgroup&quot;:&quot;C&quot;,&quot;hovertemplate&quot;:&quot;group3=F&lt;br&gt;group2=C&lt;br&gt;group1=%{x}&lt;br&gt;y=%{y}%{text}&quot;,&quot;xaxis&quot;:&quot;x2&quot;,&quot;yaxis&quot;:&quot;y2&quot;,&quot;showlegend&quot;:false},{&quot;type&quot;:&quot;box&quot;,&quot;x&quot;:[&quot;A&quot;,&quot;A&quot;,&quot;A&quot;,&quot;A&quot;,&quot;A&quot;,&quot;B&quot;,&quot;B&quot;,&quot;B&quot;,&quot;B&quot;,&quot;B&quot;],&quot;y&quot;:[4,5,6,7,10,7,8,9,10,13],&quot;text&quot;:[&quot;&lt;br&gt;hover=p&quot;,&quot;&lt;br&gt;hover=q&quot;,&quot;&lt;br&gt;hover=r&quot;,&quot;&lt;br&gt;hover=s&quot;,&quot;&lt;br&gt;hover=t&quot;,&quot;&lt;br&gt;hover=jj&quot;,&quot;&lt;br&gt;hover=kk&quot;,&quot;&lt;br&gt;hover=ll&quot;,&quot;&lt;br&gt;hover=mm&quot;,&quot;&lt;br&gt;hover=nn&quot;],&quot;marker&quot;:{&quot;color&quot;:&quot;#EF553B&quot;},&quot;outliercolor&quot;:&quot;#EF553B&quot;,&quot;line&quot;:{&quot;color&quot;:&quot;#EF553B&quot;},&quot;boxmean&quot;:&quot;sd&quot;,&quot;boxpoints&quot;:&quot;all&quot;,&quot;name&quot;:&quot;D&quot;,&quot;legendgroup&quot;:&quot;D&quot;,&quot;offsetgroup&quot;:&quot;D&quot;,&quot;hovertemplate&quot;:&quot;group3=F&lt;br&gt;group2=D&lt;br&gt;group1=%{x}&lt;br&gt;y=%{y}%{text}&quot;,&quot;xaxis&quot;:&quot;x2&quot;,&quot;yaxis&quot;:&quot;y2&quot;,&quot;showlegend&quot;:false}],&quot;layout&quot;:{&quot;grid&quot;:{&quot;rows&quot;:2,&quot;columns&quot;:1,&quot;xgap&quot;:0.1,&quot;ygap&quot;:0.1,&quot;pattern&quot;:&quot;independent&quot;},&quot;boxmode&quot;:&quot;group&quot;,&quot;legend&quot;:{&quot;title&quot;:{&quot;text&quot;:&quot;group2&quot;},&quot;tracegroupgap&quot;:0.0},&quot;annotations&quot;:[{&quot;xref&quot;:&quot;x domain&quot;,&quot;yref&quot;:&quot;y domain&quot;,&quot;x&quot;:1.0,&quot;y&quot;:0.5,&quot;xshift&quot;:30.0,&quot;textangle&quot;:90.0,&quot;showarrow&quot;:false,&quot;align&quot;:&quot;center&quot;,&quot;text&quot;:&quot;group3=E&quot;},{&quot;xref&quot;:&quot;x2 domain&quot;,&quot;yref&quot;:&quot;y2 domain&quot;,&quot;x&quot;:1.0,&quot;y&quot;:0.5,&quot;xshift&quot;:30.0,&quot;textangle&quot;:90.0,&quot;showarrow&quot;:false,&quot;align&quot;:&quot;center&quot;,&quot;text&quot;:&quot;group3=F&quot;}],&quot;xaxis2&quot;:{&quot;title&quot;:{&quot;text&quot;:&quot;group1&quot;},&quot;matches&quot;:&quot;x&quot;,&quot;type&quot;:&quot;category&quot;},&quot;yaxis&quot;:{&quot;title&quot;:{&quot;text&quot;:&quot;y&quot;}},&quot;yaxis2&quot;:{&quot;title&quot;:{&quot;text&quot;:&quot;y&quot;},&quot;matches&quot;:&quot;y&quot;},&quot;xaxis&quot;:{&quot;showticklabels&quot;:false,&quot;type&quot;:&quot;category&quot;},&quot;title&quot;:{&quot;text&quot;:&quot;Test Title&quot;}},&quot;config&quot;:{&quot;scrollZoom&quot;:true,&quot;responsive&quot;:true},&quot;template&quot;:{&quot;data&quot;:[],&quot;layout&quot;:{&quot;title&quot;:{&quot;x&quot;:0.05},&quot;xaxis&quot;:{&quot;showline&quot;:true,&quot;linecolor&quot;:&quot;#242424&quot;,&quot;gridcolor&quot;:&quot;#C8C8C8&quot;,&quot;zerolinecolor&quot;:&quot;#C8C8C8&quot;,&quot;ticks&quot;:&quot;outside&quot;},&quot;yaxis&quot;:{&quot;showline&quot;:true,&quot;linecolor&quot;:&quot;#242424&quot;,&quot;gridcolor&quot;:&quot;#C8C8C8&quot;,&quot;zerolinecolor&quot;:&quot;#C8C8C8&quot;,&quot;ticks&quot;:&quot;outside&quot;}}}}</div>
    </body>
    <style>
        html,
        body,
        .container {
            height: 100%;
            width: 100%;
            margin: 0px;
        }
    </style>
    <script src="https://cdn.jsdelivr.net/npm/mathjax@3.2.2/es5/tex-svg.js"></script>
    <script src="https://cdn.plot.ly/plotly-3.0.1.min.js" charset="utf-8"></script>
    <script type="text/javascript">
        var dataset_str = document.querySelector('#dataset').textContent;
        var dataset = JSON.parse(dataset_str);
        dataset.layout.template = Plotly.makeTemplate(dataset.template);
        Plotly.newPlot("plot", dataset);
    </script>
</html>

