<!DOCTYPE html>
<html>
    <head>
        <meta charset="utf-8" />
        <title>Untitled Plot</title>
    </head>
    <body>
        <div id="plot" class="container"></div>
        <div id="dataset" style="display:none">{&quot;data&quot;:[{&quot;type&quot;:&quot;box&quot;,&quot;y&quot;:[1,2,3,4,5,6],&quot;text&quot;:[&quot;&lt;br&gt;hover=a&quot;,&quot;&lt;br&gt;hover=b&quot;,&quot;&lt;br&gt;hover=c&quot;,&quot;&lt;br&gt;hover=d&quot;,&quot;&lt;br&gt;hover=e&quot;,&quot;&lt;br&gt;hover=f&quot;],&quot;marker&quot;:{&quot;color&quot;:&quot;#636EFA&quot;},&quot;outliercolor&quot;:&quot;#636EFA&quot;,&quot;line&quot;:{&quot;color&quot;:&quot;#636EFA&quot;},&quot;boxmean&quot;:&quot;sd&quot;,&quot;boxpoints&quot;:&quot;all&quot;,&quot;name&quot;:&quot;A&quot;,&quot;legendgroup&quot;:&quot;A&quot;,&quot;hovertemplate&quot;:&quot;group=A&lt;br&gt;y=%{y}%{text}&quot;},{&quot;type&quot;:&quot;box&quot;,&quot;y&quot;:[7,8,9,10],&quot;text&quot;:[&quot;&lt;br&gt;hover=g&quot;,&quot;&lt;br&gt;hover=h&quot;,&quot;&lt;br&gt;hover=i&quot;,&quot;&lt;br&gt;hover=j&quot;],&quot;marker&quot;:{&quot;color&quot;:&quot;#EF553B&quot;},&quot;outliercolor&quot;:&quot;#EF553B&quot;,&quot;line&quot;:{&quot;color&quot;:&quot;#EF553B&quot;},&quot;boxmean&quot;:&quot;sd&quot;,&quot;boxpoints&quot;:&quot;all&quot;,&quot;name&quot;:&quot;B&quot;,&quot;legendgroup&quot;:&quot;B&quot;,&quot;hovertemplate&quot;:&quot;group=B&lt;br&gt;y=%{y}%{text}&quot;}],&quot;layout&quot;:{&quot;legend&quot;:{&quot;title&quot;:{&quot;text&quot;:&quot;group&quot;},&quot;tracegroupgap&quot;:0.0},&quot;yaxis&quot;:{&quot;title&quot;:{&quot;text&quot;:&quot;y&quot;}},&quot;xaxis&quot;:{&quot;type&quot;:&quot;category&quot;},&quot;title&quot;:{&quot;text&quot;:&quot;Test Title&quot;}},&quot;config&quot;:{&quot;scrollZoom&quot;:true,&quot;responsive&quot;:true},&quot;template&quot;:{&quot;data&quot;:[],&quot;layout&quot;:{&quot;title&quot;:{&quot;x&quot;:0.05},&quot;xaxis&quot;:{&quot;showline&quot;:true,&quot;linecolor&quot;:&quot;#242424&quot;,&quot;gridcolor&quot;:&quot;#C8C8C8&quot;,&quot;zerolinecolor&quot;:&quot;#C8C8C8&quot;,&quot;ticks&quot;:&quot;outside&quot;},&quot;yaxis&quot;:{&quot;showline&quot;:true,&quot;linecolor&quot;:&quot;#242424&quot;,&quot;gridcolor&quot;:&quot;#C8C8C8&quot;,&quot;zerolinecolor&quot;:&quot;#C8C8C8&quot;,&quot;ticks&quot;:&quot;outside&quot;}}}}</div>
    </body>
    <style>
        html,
        body,
        .container {
            height: 100%;
            width: 100%;
            margin: 0px;
        }
    </style>
    <script src="https://cdn.jsdelivr.net/npm/mathjax@3.2.2/es5/tex-svg.js"></script>
    <script src="https://cdn.plot.ly/plotly-3.0.1.min.js" charset="utf-8"></script>
    <script type="text/javascript">
        var dataset_str = document.querySelector('#dataset').textContent;
        var dataset = JSON.parse(dataset_str);
        dataset.layout.template = Plotly.makeTemplate(dataset.template);
        Plotly.newPlot("plot", dataset);
    </script>
</html>

