<!DOCTYPE html>
<html>
    <head>
        <meta charset="utf-8" />
        <title>Test Title</title>
    </head>
    <body>
        <div id="plot" class="container"></div>
        <div id="dataset" style="display:none">{&quot;data&quot;:[{&quot;type&quot;:&quot;box&quot;,&quot;x&quot;:[&quot;A&quot;,&quot;A&quot;,&quot;A&quot;,&quot;A&quot;,&quot;A&quot;,&quot;B&quot;,&quot;B&quot;,&quot;B&quot;,&quot;B&quot;,&quot;B&quot;],&quot;y&quot;:[0,2,3,5,7,3,4,5,6,9],&quot;text&quot;:[&quot;&lt;br&gt;hover=a&quot;,&quot;&lt;br&gt;hover=b&quot;,&quot;&lt;br&gt;hover=c&quot;,&quot;&lt;br&gt;hover=d&quot;,&quot;&lt;br&gt;hover=e&quot;,&quot;&lt;br&gt;hover=k&quot;,&quot;&lt;br&gt;hover=l&quot;,&quot;&lt;br&gt;hover=m&quot;,&quot;&lt;br&gt;hover=n&quot;,&quot;&lt;br&gt;hover=o&quot;],&quot;marker&quot;:{&quot;color&quot;:&quot;rgb(31, 119, 180)&quot;},&quot;outliercolor&quot;:&quot;rgb(31, 119, 180)&quot;,&quot;line&quot;:{&quot;color&quot;:&quot;rgb(31, 119, 180)&quot;},&quot;boxmean&quot;:&quot;sd&quot;,&quot;boxpoints&quot;:&quot;all&quot;,&quot;name&quot;:&quot;&quot;,&quot;legendgroup&quot;:&quot;&quot;,&quot;offsetgroup&quot;:&quot;&quot;,&quot;hovertemplate&quot;:&quot;group1=%{x}&lt;br&gt;y=%{y}%{text}&quot;}],&quot;layout&quot;:{&quot;sliders&quot;:[{&quot;currentvalue&quot;:{&quot;visible&quot;:true,&quot;prefix&quot;:&quot;group2=&quot;},&quot;steps&quot;:[{&quot;label&quot;:&quot;C&quot;,&quot;method&quot;:&quot;animate&quot;,&quot;args&quot;:[[&quot;C&quot;]]},{&quot;label&quot;:&quot;D&quot;,&quot;method&quot;:&quot;animate&quot;,&quot;args&quot;:[[&quot;D&quot;]]}],&quot;pad&quot;:{&quot;l&quot;:120.0,&quot;t&quot;:70.0}}],&quot;showlegend&quot;:false,&quot;updatemenus&quot;:[{&quot;type&quot;:&quot;buttons&quot;,&quot;xanchor&quot;:&quot;left&quot;,&quot;yanchor&quot;:&quot;top&quot;,&quot;x&quot;:0.0,&quot;y&quot;:0.0,&quot;direction&quot;:&quot;left&quot;,&quot;pad&quot;:{&quot;t&quot;:80.0},&quot;buttons&quot;:[{&quot;label&quot;:&quot;▶&quot;,&quot;method&quot;:&quot;animate&quot;,&quot;args&quot;:[null,{&quot;mode&quot;:&quot;immediate&quot;,&quot;fromcurrent&quot;:true,&quot;frame&quot;:{&quot;redraw&quot;:false}}]},{&quot;label&quot;:&quot;◼&quot;,&quot;method&quot;:&quot;animate&quot;,&quot;args&quot;:[[null],{&quot;mode&quot;:&quot;immediate&quot;,&quot;frame&quot;:{&quot;redraw&quot;:false}}]}]}],&quot;xaxis&quot;:{&quot;title&quot;:{&quot;text&quot;:&quot;group1&quot;},&quot;type&quot;:&quot;category&quot;},&quot;yaxis&quot;:{&quot;title&quot;:{&quot;text&quot;:&quot;y&quot;},&quot;range&quot;:[-1.0,11.0]},&quot;title&quot;:{&quot;text&quot;:&quot;Test Title&quot;},&quot;legend&quot;:{&quot;tracegroupgap&quot;:0.0}},&quot;config&quot;:{&quot;scrollZoom&quot;:true,&quot;responsive&quot;:true},&quot;template&quot;:{&quot;data&quot;:[],&quot;layout&quot;:{&quot;title&quot;:{&quot;x&quot;:0.05},&quot;xaxis&quot;:{&quot;showline&quot;:true,&quot;linecolor&quot;:&quot;#242424&quot;,&quot;gridcolor&quot;:&quot;#C8C8C8&quot;,&quot;zerolinecolor&quot;:&quot;#C8C8C8&quot;,&quot;ticks&quot;:&quot;outside&quot;},&quot;yaxis&quot;:{&quot;showline&quot;:true,&quot;linecolor&quot;:&quot;#242424&quot;,&quot;gridcolor&quot;:&quot;#C8C8C8&quot;,&quot;zerolinecolor&quot;:&quot;#C8C8C8&quot;,&quot;ticks&quot;:&quot;outside&quot;}}},&quot;frames&quot;:[{&quot;data&quot;:[{&quot;type&quot;:&quot;box&quot;,&quot;x&quot;:[&quot;A&quot;,&quot;A&quot;,&quot;A&quot;,&quot;A&quot;,&quot;A&quot;,&quot;B&quot;,&quot;B&quot;,&quot;B&quot;,&quot;B&quot;,&quot;B&quot;],&quot;y&quot;:[0,2,3,5,7,3,4,5,6,9],&quot;text&quot;:[&quot;&lt;br&gt;hover=a&quot;,&quot;&lt;br&gt;hover=b&quot;,&quot;&lt;br&gt;hover=c&quot;,&quot;&lt;br&gt;hover=d&quot;,&quot;&lt;br&gt;hover=e&quot;,&quot;&lt;br&gt;hover=k&quot;,&quot;&lt;br&gt;hover=l&quot;,&quot;&lt;br&gt;hover=m&quot;,&quot;&lt;br&gt;hover=n&quot;,&quot;&lt;br&gt;hover=o&quot;],&quot;marker&quot;:{&quot;color&quot;:&quot;rgb(31, 119, 180)&quot;},&quot;outliercolor&quot;:&quot;rgb(31, 119, 180)&quot;,&quot;line&quot;:{&quot;color&quot;:&quot;rgb(31, 119, 180)&quot;},&quot;boxmean&quot;:&quot;sd&quot;,&quot;boxpoints&quot;:&quot;all&quot;,&quot;name&quot;:&quot;&quot;,&quot;legendgroup&quot;:&quot;&quot;,&quot;offsetgroup&quot;:&quot;&quot;,&quot;hovertemplate&quot;:&quot;group1=%{x}&lt;br&gt;y=%{y}%{text}&quot;}],&quot;layout&quot;:{},&quot;name&quot;:&quot;C&quot;},{&quot;data&quot;:[{&quot;type&quot;:&quot;box&quot;,&quot;x&quot;:[&quot;A&quot;,&quot;A&quot;,&quot;A&quot;,&quot;A&quot;,&quot;A&quot;,&quot;B&quot;,&quot;B&quot;,&quot;B&quot;,&quot;B&quot;,&quot;B&quot;],&quot;y&quot;:[2,3,4,5,8,4,5,6,7,10],&quot;text&quot;:[&quot;&lt;br&gt;hover=f&quot;,&quot;&lt;br&gt;hover=g&quot;,&quot;&lt;br&gt;hover=h&quot;,&quot;&lt;br&gt;hover=i&quot;,&quot;&lt;br&gt;hover=j&quot;,&quot;&lt;br&gt;hover=p&quot;,&quot;&lt;br&gt;hover=q&quot;,&quot;&lt;br&gt;hover=r&quot;,&quot;&lt;br&gt;hover=s&quot;,&quot;&lt;br&gt;hover=t&quot;],&quot;marker&quot;:{&quot;color&quot;:&quot;rgb(31, 119, 180)&quot;},&quot;outliercolor&quot;:&quot;rgb(31, 119, 180)&quot;,&quot;line&quot;:{&quot;color&quot;:&quot;rgb(31, 119, 180)&quot;},&quot;boxmean&quot;:&quot;sd&quot;,&quot;boxpoints&quot;:&quot;all&quot;,&quot;name&quot;:&quot;&quot;,&quot;legendgroup&quot;:&quot;&quot;,&quot;offsetgroup&quot;:&quot;&quot;,&quot;hovertemplate&quot;:&quot;group1=%{x}&lt;br&gt;y=%{y}%{text}&quot;}],&quot;layout&quot;:{},&quot;name&quot;:&quot;D&quot;}]}</div>
    </body>
    <style>
        html,
        body,
        .container {
            height: 100%;
            width: 100%;
            margin: 0px;
        }
    </style>
    <script src="https://cdn.jsdelivr.net/npm/mathjax@3.2.2/es5/tex-svg.js"></script>
    <script src="https://cdn.plot.ly/plotly-3.1.1.min.js" charset="utf-8"></script>
    <script type="text/javascript">
        var dataset_str = document.querySelector('#dataset').textContent;
        var dataset = JSON.parse(dataset_str);
        dataset.layout.template = Plotly.makeTemplate(dataset.template);
        Plotly.newPlot("plot", dataset).then(function() {
            Plotly.addFrames("plot", dataset.frames);
        });
    </script>
</html>

