<!DOCTYPE html>
<html>
    <head>
        <meta charset="utf-8" />
        <title>Untitled Plot</title>
    </head>
    <body>
        <div id="plot" class="container"></div>
        <div id="dataset" style="display:none">{&quot;data&quot;:[{&quot;type&quot;:&quot;scatter&quot;,&quot;mode&quot;:&quot;lines+markers&quot;,&quot;x&quot;:[1,2,3],&quot;y&quot;:[1,2,3],&quot;marker&quot;:{&quot;color&quot;:&quot;#636EFA&quot;},&quot;line&quot;:{&quot;color&quot;:&quot;#636EFA&quot;,&quot;dash&quot;:&quot;solid&quot;},&quot;name&quot;:&quot;0&quot;,&quot;hovertemplate&quot;:&quot;group=0&lt;br&gt;x=%{x}&lt;br&gt;y=%{y}&quot;},{&quot;type&quot;:&quot;scatter&quot;,&quot;mode&quot;:&quot;lines+markers&quot;,&quot;x&quot;:[1,2,3],&quot;y&quot;:[2,3,4],&quot;marker&quot;:{&quot;color&quot;:&quot;#EF553B&quot;},&quot;line&quot;:{&quot;color&quot;:&quot;#EF553B&quot;,&quot;dash&quot;:&quot;dot&quot;},&quot;name&quot;:&quot;1&quot;,&quot;hovertemplate&quot;:&quot;group=1&lt;br&gt;x=%{x}&lt;br&gt;y=%{y}&quot;},{&quot;type&quot;:&quot;scatter&quot;,&quot;mode&quot;:&quot;lines+markers&quot;,&quot;x&quot;:[1,2,3],&quot;y&quot;:[3,4,5],&quot;marker&quot;:{&quot;color&quot;:&quot;#00CC96&quot;},&quot;line&quot;:{&quot;color&quot;:&quot;#00CC96&quot;,&quot;dash&quot;:&quot;dash&quot;},&quot;name&quot;:&quot;2&quot;,&quot;hovertemplate&quot;:&quot;group=2&lt;br&gt;x=%{x}&lt;br&gt;y=%{y}&quot;},{&quot;type&quot;:&quot;scatter&quot;,&quot;mode&quot;:&quot;lines+markers&quot;,&quot;x&quot;:[1,2,3],&quot;y&quot;:[4,5,6],&quot;marker&quot;:{&quot;color&quot;:&quot;#AB63FA&quot;},&quot;line&quot;:{&quot;color&quot;:&quot;#AB63FA&quot;,&quot;dash&quot;:&quot;longdash&quot;},&quot;name&quot;:&quot;3&quot;,&quot;hovertemplate&quot;:&quot;group=3&lt;br&gt;x=%{x}&lt;br&gt;y=%{y}&quot;},{&quot;type&quot;:&quot;scatter&quot;,&quot;mode&quot;:&quot;lines+markers&quot;,&quot;x&quot;:[1,2,3],&quot;y&quot;:[5,6,7],&quot;marker&quot;:{&quot;color&quot;:&quot;#FFA15A&quot;},&quot;line&quot;:{&quot;color&quot;:&quot;#FFA15A&quot;,&quot;dash&quot;:&quot;dashdot&quot;},&quot;name&quot;:&quot;4&quot;,&quot;hovertemplate&quot;:&quot;group=4&lt;br&gt;x=%{x}&lt;br&gt;y=%{y}&quot;},{&quot;type&quot;:&quot;scatter&quot;,&quot;mode&quot;:&quot;lines+markers&quot;,&quot;x&quot;:[1,2,3],&quot;y&quot;:[6,7,8],&quot;marker&quot;:{&quot;color&quot;:&quot;#19D3F3&quot;},&quot;line&quot;:{&quot;color&quot;:&quot;#19D3F3&quot;,&quot;dash&quot;:&quot;longdashdot&quot;},&quot;name&quot;:&quot;5&quot;,&quot;hovertemplate&quot;:&quot;group=5&lt;br&gt;x=%{x}&lt;br&gt;y=%{y}&quot;},{&quot;type&quot;:&quot;scatter&quot;,&quot;mode&quot;:&quot;lines+markers&quot;,&quot;x&quot;:[1,2,3],&quot;y&quot;:[7,8,9],&quot;marker&quot;:{&quot;color&quot;:&quot;#FF6692&quot;},&quot;line&quot;:{&quot;color&quot;:&quot;#FF6692&quot;,&quot;dash&quot;:&quot;solid&quot;},&quot;name&quot;:&quot;6&quot;,&quot;hovertemplate&quot;:&quot;group=6&lt;br&gt;x=%{x}&lt;br&gt;y=%{y}&quot;},{&quot;type&quot;:&quot;scatter&quot;,&quot;mode&quot;:&quot;lines+markers&quot;,&quot;x&quot;:[1,2,3],&quot;y&quot;:[8,9,10],&quot;marker&quot;:{&quot;color&quot;:&quot;#B6E880&quot;},&quot;line&quot;:{&quot;color&quot;:&quot;#B6E880&quot;,&quot;dash&quot;:&quot;dot&quot;},&quot;name&quot;:&quot;7&quot;,&quot;hovertemplate&quot;:&quot;group=7&lt;br&gt;x=%{x}&lt;br&gt;y=%{y}&quot;},{&quot;type&quot;:&quot;scatter&quot;,&quot;mode&quot;:&quot;lines+markers&quot;,&quot;x&quot;:[1,2,3],&quot;y&quot;:[9,10,11],&quot;marker&quot;:{&quot;color&quot;:&quot;#FF97FF&quot;},&quot;line&quot;:{&quot;color&quot;:&quot;#FF97FF&quot;,&quot;dash&quot;:&quot;dash&quot;},&quot;name&quot;:&quot;8&quot;,&quot;hovertemplate&quot;:&quot;group=8&lt;br&gt;x=%{x}&lt;br&gt;y=%{y}&quot;},{&quot;type&quot;:&quot;scatter&quot;,&quot;mode&quot;:&quot;lines+markers&quot;,&quot;x&quot;:[1,2,3],&quot;y&quot;:[10,11,12],&quot;marker&quot;:{&quot;color&quot;:&quot;#FECB52&quot;},&quot;line&quot;:{&quot;color&quot;:&quot;#FECB52&quot;,&quot;dash&quot;:&quot;longdash&quot;},&quot;name&quot;:&quot;9&quot;,&quot;hovertemplate&quot;:&quot;group=9&lt;br&gt;x=%{x}&lt;br&gt;y=%{y}&quot;},{&quot;type&quot;:&quot;scatter&quot;,&quot;mode&quot;:&quot;lines+markers&quot;,&quot;x&quot;:[1,2,3],&quot;y&quot;:[11,12,13],&quot;marker&quot;:{&quot;color&quot;:&quot;#636EFA&quot;},&quot;line&quot;:{&quot;color&quot;:&quot;#636EFA&quot;,&quot;dash&quot;:&quot;dashdot&quot;},&quot;name&quot;:&quot;10&quot;,&quot;hovertemplate&quot;:&quot;group=10&lt;br&gt;x=%{x}&lt;br&gt;y=%{y}&quot;},{&quot;type&quot;:&quot;scatter&quot;,&quot;mode&quot;:&quot;lines+markers&quot;,&quot;x&quot;:[1,2,3],&quot;y&quot;:[12,13,14],&quot;marker&quot;:{&quot;color&quot;:&quot;#EF553B&quot;},&quot;line&quot;:{&quot;color&quot;:&quot;#EF553B&quot;,&quot;dash&quot;:&quot;longdashdot&quot;},&quot;name&quot;:&quot;11&quot;,&quot;hovertemplate&quot;:&quot;group=11&lt;br&gt;x=%{x}&lt;br&gt;y=%{y}&quot;}],&quot;layout&quot;:{&quot;legend&quot;:{&quot;title&quot;:{&quot;text&quot;:&quot;group&quot;}},&quot;xaxis&quot;:{&quot;title&quot;:{&quot;text&quot;:&quot;x&quot;}},&quot;yaxis&quot;:{&quot;title&quot;:{&quot;text&quot;:&quot;y&quot;}},&quot;title&quot;:{&quot;text&quot;:&quot;Color Sequences&quot;}},&quot;config&quot;:{&quot;scrollZoom&quot;:true,&quot;responsive&quot;:true},&quot;template&quot;:{&quot;data&quot;:[],&quot;layout&quot;:{&quot;title&quot;:{&quot;x&quot;:0.05},&quot;xaxis&quot;:{&quot;showline&quot;:true,&quot;linecolor&quot;:&quot;#242424&quot;,&quot;gridcolor&quot;:&quot;#C8C8C8&quot;,&quot;zerolinecolor&quot;:&quot;#C8C8C8&quot;,&quot;ticks&quot;:&quot;outside&quot;},&quot;yaxis&quot;:{&quot;showline&quot;:true,&quot;linecolor&quot;:&quot;#242424&quot;,&quot;gridcolor&quot;:&quot;#C8C8C8&quot;,&quot;zerolinecolor&quot;:&quot;#C8C8C8&quot;,&quot;ticks&quot;:&quot;outside&quot;}}}}</div>
    </body>
    <style>
        html,
        body,
        .container {
            height: 100%;
            width: 100%;
            margin: 0px;
        }
    </style>
    <script src="https://cdn.jsdelivr.net/npm/mathjax@3.2.2/es5/tex-svg.js"></script>
    <script src="https://cdn.plot.ly/plotly-3.0.1.min.js" charset="utf-8"></script>
    <script type="text/javascript">
        var dataset_str = document.querySelector('#dataset').textContent;
        var dataset = JSON.parse(dataset_str);
        dataset.layout.template = Plotly.makeTemplate(dataset.template);
        Plotly.newPlot("plot", dataset);
    </script>
</html>

