<!DOCTYPE html>
<html>
    <head>
        <meta charset="utf-8" />
        <title>Untitled Plot</title>
    </head>
    <body>
        <div id="plot" class="container"></div>
        <div id="dataset" style="display:none">{&quot;data&quot;:[{&quot;type&quot;:&quot;scatter&quot;,&quot;mode&quot;:&quot;lines&quot;,&quot;x&quot;:[&quot;a&quot;,&quot;b&quot;,&quot;c&quot;],&quot;y&quot;:[4.5,5.75,7.0],&quot;marker&quot;:{&quot;color&quot;:&quot;#636EFA&quot;},&quot;line&quot;:{&quot;color&quot;:&quot;#636EFA&quot;},&quot;name&quot;:&quot;&quot;,&quot;hovertemplate&quot;:&quot;x=%{x}&lt;br&gt;y=%{y}&quot;}],&quot;layout&quot;:{&quot;showlegend&quot;:false,&quot;xaxis&quot;:{&quot;title&quot;:{&quot;text&quot;:&quot;x&quot;}},&quot;yaxis&quot;:{&quot;title&quot;:{&quot;text&quot;:&quot;y&quot;}},&quot;title&quot;:{&quot;text&quot;:&quot;Line with vector&lt;string&gt;&quot;}},&quot;config&quot;:{&quot;scrollZoom&quot;:true,&quot;responsive&quot;:true},&quot;template&quot;:{&quot;data&quot;:[],&quot;layout&quot;:{&quot;title&quot;:{&quot;x&quot;:0.05},&quot;xaxis&quot;:{&quot;showline&quot;:true,&quot;linecolor&quot;:&quot;#242424&quot;,&quot;gridcolor&quot;:&quot;#C8C8C8&quot;,&quot;zerolinecolor&quot;:&quot;#C8C8C8&quot;,&quot;mirror&quot;:&quot;allticks&quot;},&quot;yaxis&quot;:{&quot;showline&quot;:true,&quot;linecolor&quot;:&quot;#242424&quot;,&quot;gridcolor&quot;:&quot;#C8C8C8&quot;,&quot;zerolinecolor&quot;:&quot;#C8C8C8&quot;,&quot;mirror&quot;:&quot;allticks&quot;}}}}</div>
    </body>
    <style>
        html,
        body,
        .container {
            height: 100%;
            width: 100%;
            margin: 0px;
        }
    </style>
    <script src="https://cdn.jsdelivr.net/npm/mathjax@3.2.2/es5/tex-svg.js"></script>
    <script src="https://cdn.plot.ly/plotly-3.0.1.min.js" charset="utf-8"></script>
    <script type="text/javascript">
        var dataset_str = document.querySelector('#dataset').textContent;
        var dataset = JSON.parse(dataset_str);
        var layout = dataset.layout;
        layout.template = Plotly.makeTemplate(dataset.template);
        Plotly.newPlot("plot", dataset.data, layout, dataset.config);
    </script>
</html>

