<!DOCTYPE html>
<html>
    <head>
        <meta charset="utf-8" />
        <title>y</title>
    </head>
    <body>
        <div id="plot" class="container"></div>
        <div id="dataset" style="display:none">{&quot;data&quot;:[{&quot;type&quot;:&quot;violin&quot;,&quot;y&quot;:[1,2,3,5,50],&quot;marker&quot;:{&quot;color&quot;:&quot;rgb(31, 119, 180)&quot;},&quot;outliercolor&quot;:&quot;rgb(31, 119, 180)&quot;,&quot;line&quot;:{&quot;color&quot;:&quot;rgb(31, 119, 180)&quot;},&quot;box&quot;:{&quot;line&quot;:{&quot;color&quot;:&quot;rgb(31, 119, 180)&quot;},&quot;visible&quot;:true},&quot;meanline&quot;:{&quot;color&quot;:&quot;rgb(31, 119, 180)&quot;,&quot;visible&quot;:true},&quot;points&quot;:&quot;outliers&quot;,&quot;name&quot;:&quot;A&quot;,&quot;legendgroup&quot;:&quot;A&quot;,&quot;offsetgroup&quot;:&quot;A&quot;,&quot;hovertemplate&quot;:&quot;group=A&lt;br&gt;y=%{y}&quot;},{&quot;type&quot;:&quot;violin&quot;,&quot;y&quot;:[2,3,4,10,100],&quot;marker&quot;:{&quot;color&quot;:&quot;rgb(255, 127, 14)&quot;},&quot;outliercolor&quot;:&quot;rgb(255, 127, 14)&quot;,&quot;line&quot;:{&quot;color&quot;:&quot;rgb(255, 127, 14)&quot;},&quot;box&quot;:{&quot;line&quot;:{&quot;color&quot;:&quot;rgb(255, 127, 14)&quot;},&quot;visible&quot;:true},&quot;meanline&quot;:{&quot;color&quot;:&quot;rgb(255, 127, 14)&quot;,&quot;visible&quot;:true},&quot;points&quot;:&quot;outliers&quot;,&quot;name&quot;:&quot;B&quot;,&quot;legendgroup&quot;:&quot;B&quot;,&quot;offsetgroup&quot;:&quot;B&quot;,&quot;hovertemplate&quot;:&quot;group=B&lt;br&gt;y=%{y}&quot;}],&quot;layout&quot;:{&quot;legend&quot;:{&quot;title&quot;:{&quot;text&quot;:&quot;group&quot;},&quot;tracegroupgap&quot;:0.0},&quot;yaxis&quot;:{&quot;title&quot;:{&quot;text&quot;:&quot;y&quot;},&quot;type&quot;:&quot;log&quot;,&quot;range&quot;:[-0.2,2.2]},&quot;xaxis&quot;:{&quot;type&quot;:&quot;category&quot;},&quot;title&quot;:{&quot;text&quot;:&quot;y&quot;}},&quot;config&quot;:{&quot;scrollZoom&quot;:true,&quot;responsive&quot;:true},&quot;template&quot;:{&quot;data&quot;:[],&quot;layout&quot;:{&quot;title&quot;:{&quot;x&quot;:0.05},&quot;xaxis&quot;:{&quot;showline&quot;:true,&quot;linecolor&quot;:&quot;#242424&quot;,&quot;gridcolor&quot;:&quot;#C8C8C8&quot;,&quot;zerolinecolor&quot;:&quot;#C8C8C8&quot;,&quot;ticks&quot;:&quot;outside&quot;},&quot;yaxis&quot;:{&quot;showline&quot;:true,&quot;linecolor&quot;:&quot;#242424&quot;,&quot;gridcolor&quot;:&quot;#C8C8C8&quot;,&quot;zerolinecolor&quot;:&quot;#C8C8C8&quot;,&quot;ticks&quot;:&quot;outside&quot;}}}}</div>
    </body>
    <style>
        html,
        body,
        .container {
            height: 100%;
            width: 100%;
            margin: 0px;
        }
    </style>
    <script src="https://cdn.jsdelivr.net/npm/mathjax@3.2.2/es5/tex-svg.js"></script>
    <script src="https://cdn.plot.ly/plotly-3.1.1.min.js" charset="utf-8"></script>
    <script type="text/javascript">
        var dataset_str = document.querySelector('#dataset').textContent;
        var dataset = JSON.parse(dataset_str);
        dataset.layout.template = Plotly.makeTemplate(dataset.template);
        Plotly.newPlot("plot", dataset);
    </script>
</html>

