{
  "data": [
    {
      "type": "box",
      "name": "box1",
      "x": [
        1,
        2,
        3
      ],
      "y": [
        4,
        5,
        6
      ],
      "text": [
        "a",
        "b",
        "c"
      ],
      "xaxis": "x",
      "yaxis": "y",
      "hovertemplate": "x: %{x}<br>y: %{y}",
      "legendgroup": "group1",
      "boxmean": true,
      "boxpoints": "all"
    }
  ],
  "layout": {},
  "config": {
    "scrollZoom": true,
    "responsive": true
  },
  "template": {
    "data": [],
    "layout": {
      "title": {
        "x": 0.05
      },
      "xaxis": {
        "showline": true,
        "linecolor": "#242424",
        "gridcolor": "#C8C8C8",
        "zerolinecolor": "#C8C8C8",
        "mirror": "allticks"
      },
      "yaxis": {
        "showline": true,
        "linecolor": "#242424",
        "gridcolor": "#C8C8C8",
        "zerolinecolor": "#C8C8C8",
        "mirror": "allticks"
      }
    }
  }
}
