{
  "data": [
    {
      "type": "scatter",
      "name": "scatter1",
      "x": [
        1,
        2,
        3
      ],
      "y": [
        4,
        5,
        6
      ],
      "error_x": {
        "type": "data",
        "symmetric": false,
        "visible": true,
        "array": [
          0.125,
          0.25,
          0.375
        ],
        "arrayminus": [
          0.25,
          0.5,
          0.75
        ]
      },
      "error_y": {
        "type": "data",
        "symmetric": false,
        "visible": true,
        "array": [
          0.125,
          0.25,
          0.375
        ],
        "arrayminus": [
          0.25,
          0.5,
          0.75
        ]
      },
      "text": [
        "a",
        "b",
        "c"
      ],
      "xaxis": "x",
      "yaxis": "y",
      "mode": "lines",
      "line": {
        "dash": "solid",
        "color": "#123456"
      },
      "marker": {
        "color": "#123456"
      },
      "hovertemplate": "x: %{x}<br>y: %{y}<br>text: %{text}",
      "legendgroup": "group1"
    }
  ],
  "layout": {},
  "config": {
    "scrollZoom": true,
    "responsive": true
  },
  "template": {
    "data": [],
    "layout": {
      "title": {
        "x": 0.05
      },
      "xaxis": {
        "showline": true,
        "linecolor": "#242424",
        "gridcolor": "#C8C8C8",
        "zerolinecolor": "#C8C8C8",
        "ticks": "outside"
      },
      "yaxis": {
        "showline": true,
        "linecolor": "#242424",
        "gridcolor": "#C8C8C8",
        "zerolinecolor": "#C8C8C8",
        "ticks": "outside"
      }
    }
  }
}
