{
  "data": [
    {
      "type": "violin",
      "name": "violin1",
      "x": [
        1,
        2,
        3
      ],
      "y": [
        4,
        5,
        6
      ],
      "hovertemplate": "x: %{x}<br>y: %{y}",
      "legendgroup": "group1",
      "box": {
        "visible": true
      },
      "meanline": {
        "visible": true
      },
      "points": "all"
    }
  ],
  "layout": {}
}
