<!DOCTYPE html>
<html>
    <head>
        <meta charset="utf-8" />
        <title>Untitled Plot</title>
    </head>
    <body>
        <div id="plot" class="container"></div>
        <div id="dataset" style="display:none">{&quot;data&quot;:[{&quot;type&quot;:&quot;box&quot;,&quot;x&quot;:[&quot;A&quot;,&quot;A&quot;,&quot;A&quot;,&quot;A&quot;,&quot;B&quot;,&quot;B&quot;,&quot;B&quot;,&quot;B&quot;,&quot;B&quot;,&quot;B&quot;],&quot;y&quot;:[1,2,3,4,5,6,7,8,9,10],&quot;name&quot;:&quot;Group 1&quot;},{&quot;type&quot;:&quot;box&quot;,&quot;x&quot;:[&quot;A&quot;,&quot;A&quot;,&quot;A&quot;,&quot;A&quot;,&quot;A&quot;,&quot;A&quot;,&quot;A&quot;,&quot;B&quot;,&quot;B&quot;,&quot;B&quot;],&quot;y&quot;:[2,3,4,5,6,7,8,9,10,11],&quot;name&quot;:&quot;Group 2&quot;}],&quot;layout&quot;:{&quot;boxmode&quot;:&quot;group&quot;},&quot;config&quot;:{&quot;scrollZoom&quot;:true,&quot;responsive&quot;:true}}</div>
    </body>
    <style>
        html,
        body,
        .container {
            height: 100%;
            width: 100%;
            margin: 0px;
        }
    </style>
    <script src="https://cdn.jsdelivr.net/npm/mathjax@3.2.2/es5/tex-svg.js"></script>
    <script src="https://cdn.plot.ly/plotly-3.0.1.min.js" charset="utf-8"></script>
    <script type="text/javascript">
        var dataset_str = document.querySelector('#dataset').textContent;
        var dataset = JSON.parse(dataset_str);
        Plotly.newPlot("plot", dataset.data, dataset.layout, dataset.config);
    </script>
</html>

