<!DOCTYPE html>
<html>
    <head>
        <meta charset="utf-8" />
        <title>Scatter Modes</title>
    </head>
    <body>
        <div id="plot" class="container"></div>
        <div id="dataset" style="display:none">{&quot;data&quot;:[{&quot;type&quot;:&quot;scatter&quot;,&quot;name&quot;:&quot;lines&quot;,&quot;x&quot;:[1,2,3],&quot;y&quot;:[4,5,6],&quot;text&quot;:[&quot;A&quot;,&quot;B&quot;,&quot;C&quot;],&quot;mode&quot;:&quot;lines&quot;},{&quot;type&quot;:&quot;scatter&quot;,&quot;name&quot;:&quot;markers&quot;,&quot;x&quot;:[1,2,3],&quot;y&quot;:[5,6,7],&quot;text&quot;:[&quot;A&quot;,&quot;B&quot;,&quot;C&quot;],&quot;mode&quot;:&quot;markers&quot;},{&quot;type&quot;:&quot;scatter&quot;,&quot;name&quot;:&quot;lines+markers&quot;,&quot;x&quot;:[1,2,3],&quot;y&quot;:[6,7,8],&quot;text&quot;:[&quot;A&quot;,&quot;B&quot;,&quot;C&quot;],&quot;mode&quot;:&quot;lines+markers&quot;},{&quot;type&quot;:&quot;scatter&quot;,&quot;name&quot;:&quot;lines+markers+text&quot;,&quot;x&quot;:[1,2,3],&quot;y&quot;:[7,8,9],&quot;text&quot;:[&quot;A&quot;,&quot;B&quot;,&quot;C&quot;],&quot;mode&quot;:&quot;lines+markers+text&quot;}],&quot;layout&quot;:{&quot;title&quot;:{&quot;text&quot;:&quot;Scatter Modes&quot;}}}</div>
    </body>
    <style>
        html,
        body,
        .container {
            height: 100%;
            width: 100%;
            margin: 0px;
        }
    </style>
    <script src="https://cdn.jsdelivr.net/npm/mathjax@3.2.2/es5/tex-svg.js"></script>
    <script src="https://cdn.plot.ly/plotly-3.0.1.min.js" charset="utf-8"></script>
    <script type="text/javascript">
        var dataset_str = document.querySelector('#dataset').textContent;
        var dataset = JSON.parse(dataset_str);
        Plotly.newPlot("plot", dataset.data, dataset.layout, dataset.config);
    </script>
</html>

