<!DOCTYPE html>
<html>
    <head>
        <meta charset="utf-8" />
        <title>Scatter with Symmetric Error Bars</title>
    </head>
    <body>
        <div id="plot" class="container"></div>
        <div id="dataset" style="display:none">{&quot;data&quot;:[{&quot;type&quot;:&quot;scattergl&quot;,&quot;name&quot;:&quot;hover template&quot;,&quot;x&quot;:[1,2,3],&quot;y&quot;:[4,5,6],&quot;error_x&quot;:{&quot;type&quot;:&quot;data&quot;,&quot;symmetric&quot;:true,&quot;visible&quot;:true,&quot;array&quot;:[0.25,0.5,0.75]},&quot;error_y&quot;:{&quot;type&quot;:&quot;data&quot;,&quot;symmetric&quot;:true,&quot;visible&quot;:true,&quot;array&quot;:[0.5,1.0,1.5]}}],&quot;layout&quot;:{&quot;title&quot;:{&quot;text&quot;:&quot;Scatter with Symmetric Error Bars&quot;}},&quot;config&quot;:{&quot;scrollZoom&quot;:true,&quot;responsive&quot;:true}}</div>
    </body>
    <style>
        html,
        body,
        .container {
            height: 100%;
            width: 100%;
            margin: 0px;
        }
    </style>
    <script src="https://cdn.jsdelivr.net/npm/mathjax@3.2.2/es5/tex-svg.js"></script>
    <script src="https://cdn.plot.ly/plotly-3.0.1.min.js" charset="utf-8"></script>
    <script type="text/javascript">
        var dataset_str = document.querySelector('#dataset').textContent;
        var dataset = JSON.parse(dataset_str);
        Plotly.newPlot("plot", dataset.data, dataset.layout, dataset.config);
    </script>
</html>

