{
  "key1": [
    1,
    2,
    3
  ],
  "key2": [
    "a",
    "b",
    "c"
  ]
}
