{
  "data": [],
  "layout": {
    "yaxis": {
      "scaleanchor": "x",
      "scaleratio": 1.0
    }
  },
  "config": {
    "scrollZoom": true,
    "responsive": true
  },
  "template": {
    "data": [],
    "layout": {
      "title": {
        "x": 0.05
      },
      "xaxis": {
        "showline": true,
        "linecolor": "#242424",
        "gridcolor": "#C8C8C8",
        "zerolinecolor": "#C8C8C8",
        "ticks": "outside"
      },
      "yaxis": {
        "showline": true,
        "linecolor": "#242424",
        "gridcolor": "#C8C8C8",
        "zerolinecolor": "#C8C8C8",
        "ticks": "outside"
      }
    }
  }
}
