{
  "data": [],
  "layout": {
    "xaxis": {
      "title": {
        "text": "x-axis"
      },
      "type": "linear",
      "range": [
        0,
        null
      ],
      "constrain": "domain"
    },
    "yaxis": {
      "title": {
        "text": "y-axis"
      },
      "type": "log",
      "range": [
        null,
        "2025-01-01"
      ],
      "constrain": "range"
    },
    "title": {
      "text": "Test Title"
    },
    "boxmode": "group",
    "violinmode": "group",
    "showlegend": true
  },
  "config": {
    "scrollZoom": true,
    "responsive": true
  }
}
