<!DOCTYPE html>
<html>
    <head>
        <meta charset="utf-8" />
        <title>Animation Using Buttons</title>
    </head>
    <body>
        <div id="plot" class="container"></div>
        <div id="dataset" style="display:none">{&quot;data&quot;:[{&quot;type&quot;:&quot;scatter&quot;,&quot;x&quot;:[1,2,3],&quot;y&quot;:[4,5,6],&quot;mode&quot;:&quot;lines+markers&quot;,&quot;name&quot;:&quot;scatter&quot;}],&quot;layout&quot;:{&quot;yaxis&quot;:{&quot;range&quot;:[4,8]},&quot;updatemenus&quot;:[{&quot;buttons&quot;:[{&quot;label&quot;:1,&quot;method&quot;:&quot;animate&quot;,&quot;args&quot;:[[&quot;frame1&quot;]]},{&quot;label&quot;:2,&quot;method&quot;:&quot;animate&quot;,&quot;args&quot;:[[&quot;frame2&quot;]]},{&quot;label&quot;:3,&quot;method&quot;:&quot;animate&quot;,&quot;args&quot;:[[&quot;frame3&quot;]]}]}],&quot;title&quot;:{&quot;text&quot;:&quot;Animation Using Buttons&quot;}},&quot;config&quot;:{&quot;scrollZoom&quot;:true,&quot;responsive&quot;:true},&quot;template&quot;:{&quot;data&quot;:[],&quot;layout&quot;:{&quot;title&quot;:{&quot;x&quot;:0.05},&quot;xaxis&quot;:{&quot;showline&quot;:true,&quot;linecolor&quot;:&quot;#242424&quot;,&quot;gridcolor&quot;:&quot;#C8C8C8&quot;,&quot;zerolinecolor&quot;:&quot;#C8C8C8&quot;,&quot;ticks&quot;:&quot;outside&quot;},&quot;yaxis&quot;:{&quot;showline&quot;:true,&quot;linecolor&quot;:&quot;#242424&quot;,&quot;gridcolor&quot;:&quot;#C8C8C8&quot;,&quot;zerolinecolor&quot;:&quot;#C8C8C8&quot;,&quot;ticks&quot;:&quot;outside&quot;}}},&quot;frames&quot;:[{&quot;data&quot;:[{&quot;type&quot;:&quot;scatter&quot;,&quot;x&quot;:[1,2,3],&quot;y&quot;:[4,5,6]}],&quot;layout&quot;:{},&quot;name&quot;:&quot;frame1&quot;},{&quot;data&quot;:[{&quot;type&quot;:&quot;scatter&quot;,&quot;x&quot;:[1,2,3],&quot;y&quot;:[5,6,7]}],&quot;layout&quot;:{},&quot;name&quot;:&quot;frame2&quot;},{&quot;data&quot;:[{&quot;type&quot;:&quot;scatter&quot;,&quot;x&quot;:[1,2,3],&quot;y&quot;:[6,7,8]}],&quot;layout&quot;:{},&quot;name&quot;:&quot;frame3&quot;}]}</div>
    </body>
    <style>
        html,
        body,
        .container {
            height: 100%;
            width: 100%;
            margin: 0px;
        }
    </style>
    <script src="https://cdn.jsdelivr.net/npm/mathjax@3.2.2/es5/tex-svg.js"></script>
    <script src="https://cdn.plot.ly/plotly-3.1.0.min.js" charset="utf-8"></script>
    <script type="text/javascript">
        var dataset_str = document.querySelector('#dataset').textContent;
        var dataset = JSON.parse(dataset_str);
        dataset.layout.template = Plotly.makeTemplate(dataset.template);
        Plotly.newPlot("plot", dataset).then(function() {
            Plotly.addFrames("plot", dataset.frames);
        });
    </script>
</html>

