<!DOCTYPE html>
<html>
    <head>
        <meta charset="utf-8" />
        <title>Animation Using a Slider</title>
    </head>
    <body>
        <div id="plot" class="container"></div>
        <div id="dataset" style="display:none">{&quot;data&quot;:[{&quot;type&quot;:&quot;scatter&quot;,&quot;x&quot;:[1,2,3],&quot;y&quot;:[4,5,6],&quot;mode&quot;:&quot;lines+markers&quot;,&quot;name&quot;:&quot;scatter&quot;}],&quot;layout&quot;:{&quot;yaxis&quot;:{&quot;range&quot;:[3,26]},&quot;sliders&quot;:[{&quot;currentvalue&quot;:{&quot;visible&quot;:true,&quot;prefix&quot;:&quot;Frame: &quot;},&quot;steps&quot;:[{&quot;label&quot;:&quot;0&quot;,&quot;method&quot;:&quot;animate&quot;,&quot;args&quot;:[[&quot;frame0&quot;]]},{&quot;label&quot;:&quot;1&quot;,&quot;method&quot;:&quot;animate&quot;,&quot;args&quot;:[[&quot;frame1&quot;]]},{&quot;label&quot;:&quot;2&quot;,&quot;method&quot;:&quot;animate&quot;,&quot;args&quot;:[[&quot;frame2&quot;]]},{&quot;label&quot;:&quot;3&quot;,&quot;method&quot;:&quot;animate&quot;,&quot;args&quot;:[[&quot;frame3&quot;]]},{&quot;label&quot;:&quot;4&quot;,&quot;method&quot;:&quot;animate&quot;,&quot;args&quot;:[[&quot;frame4&quot;]]},{&quot;label&quot;:&quot;5&quot;,&quot;method&quot;:&quot;animate&quot;,&quot;args&quot;:[[&quot;frame5&quot;]]},{&quot;label&quot;:&quot;6&quot;,&quot;method&quot;:&quot;animate&quot;,&quot;args&quot;:[[&quot;frame6&quot;]]},{&quot;label&quot;:&quot;7&quot;,&quot;method&quot;:&quot;animate&quot;,&quot;args&quot;:[[&quot;frame7&quot;]]},{&quot;label&quot;:&quot;8&quot;,&quot;method&quot;:&quot;animate&quot;,&quot;args&quot;:[[&quot;frame8&quot;]]},{&quot;label&quot;:&quot;9&quot;,&quot;method&quot;:&quot;animate&quot;,&quot;args&quot;:[[&quot;frame9&quot;]]},{&quot;label&quot;:&quot;10&quot;,&quot;method&quot;:&quot;animate&quot;,&quot;args&quot;:[[&quot;frame10&quot;]]},{&quot;label&quot;:&quot;11&quot;,&quot;method&quot;:&quot;animate&quot;,&quot;args&quot;:[[&quot;frame11&quot;]]},{&quot;label&quot;:&quot;12&quot;,&quot;method&quot;:&quot;animate&quot;,&quot;args&quot;:[[&quot;frame12&quot;]]},{&quot;label&quot;:&quot;13&quot;,&quot;method&quot;:&quot;animate&quot;,&quot;args&quot;:[[&quot;frame13&quot;]]},{&quot;label&quot;:&quot;14&quot;,&quot;method&quot;:&quot;animate&quot;,&quot;args&quot;:[[&quot;frame14&quot;]]},{&quot;label&quot;:&quot;15&quot;,&quot;method&quot;:&quot;animate&quot;,&quot;args&quot;:[[&quot;frame15&quot;]]},{&quot;label&quot;:&quot;16&quot;,&quot;method&quot;:&quot;animate&quot;,&quot;args&quot;:[[&quot;frame16&quot;]]},{&quot;label&quot;:&quot;17&quot;,&quot;method&quot;:&quot;animate&quot;,&quot;args&quot;:[[&quot;frame17&quot;]]},{&quot;label&quot;:&quot;18&quot;,&quot;method&quot;:&quot;animate&quot;,&quot;args&quot;:[[&quot;frame18&quot;]]},{&quot;label&quot;:&quot;19&quot;,&quot;method&quot;:&quot;animate&quot;,&quot;args&quot;:[[&quot;frame19&quot;]]}],&quot;pad&quot;:{&quot;l&quot;:120.0}}],&quot;updatemenus&quot;:[{&quot;type&quot;:&quot;buttons&quot;,&quot;xanchor&quot;:&quot;left&quot;,&quot;yanchor&quot;:&quot;top&quot;,&quot;x&quot;:0.0,&quot;y&quot;:0.0,&quot;direction&quot;:&quot;left&quot;,&quot;pad&quot;:{&quot;t&quot;:40.0},&quot;buttons&quot;:[{&quot;label&quot;:&quot;▶&quot;,&quot;method&quot;:&quot;animate&quot;,&quot;args&quot;:[null,{&quot;mode&quot;:&quot;immediate&quot;,&quot;fromcurrent&quot;:true,&quot;frame&quot;:{&quot;redraw&quot;:false}}]},{&quot;label&quot;:&quot;◼&quot;,&quot;method&quot;:&quot;animate&quot;,&quot;args&quot;:[[null],{&quot;mode&quot;:&quot;immediate&quot;,&quot;frame&quot;:{&quot;redraw&quot;:false}}]}]}],&quot;title&quot;:{&quot;text&quot;:&quot;Animation Using a Slider&quot;}},&quot;config&quot;:{&quot;scrollZoom&quot;:true,&quot;responsive&quot;:true},&quot;template&quot;:{&quot;data&quot;:[],&quot;layout&quot;:{&quot;title&quot;:{&quot;x&quot;:0.05},&quot;xaxis&quot;:{&quot;showline&quot;:true,&quot;linecolor&quot;:&quot;#242424&quot;,&quot;gridcolor&quot;:&quot;#C8C8C8&quot;,&quot;zerolinecolor&quot;:&quot;#C8C8C8&quot;,&quot;ticks&quot;:&quot;outside&quot;},&quot;yaxis&quot;:{&quot;showline&quot;:true,&quot;linecolor&quot;:&quot;#242424&quot;,&quot;gridcolor&quot;:&quot;#C8C8C8&quot;,&quot;zerolinecolor&quot;:&quot;#C8C8C8&quot;,&quot;ticks&quot;:&quot;outside&quot;}}},&quot;frames&quot;:[{&quot;data&quot;:[{&quot;type&quot;:&quot;scatter&quot;,&quot;x&quot;:[1,2,3],&quot;y&quot;:[4,5,6]}],&quot;layout&quot;:{},&quot;name&quot;:&quot;frame0&quot;},{&quot;data&quot;:[{&quot;type&quot;:&quot;scatter&quot;,&quot;x&quot;:[1,2,3],&quot;y&quot;:[5,6,7]}],&quot;layout&quot;:{},&quot;name&quot;:&quot;frame1&quot;},{&quot;data&quot;:[{&quot;type&quot;:&quot;scatter&quot;,&quot;x&quot;:[1,2,3],&quot;y&quot;:[6,7,8]}],&quot;layout&quot;:{},&quot;name&quot;:&quot;frame2&quot;},{&quot;data&quot;:[{&quot;type&quot;:&quot;scatter&quot;,&quot;x&quot;:[1,2,3],&quot;y&quot;:[7,8,9]}],&quot;layout&quot;:{},&quot;name&quot;:&quot;frame3&quot;},{&quot;data&quot;:[{&quot;type&quot;:&quot;scatter&quot;,&quot;x&quot;:[1,2,3],&quot;y&quot;:[8,9,10]}],&quot;layout&quot;:{},&quot;name&quot;:&quot;frame4&quot;},{&quot;data&quot;:[{&quot;type&quot;:&quot;scatter&quot;,&quot;x&quot;:[1,2,3],&quot;y&quot;:[9,10,11]}],&quot;layout&quot;:{},&quot;name&quot;:&quot;frame5&quot;},{&quot;data&quot;:[{&quot;type&quot;:&quot;scatter&quot;,&quot;x&quot;:[1,2,3],&quot;y&quot;:[10,11,12]}],&quot;layout&quot;:{},&quot;name&quot;:&quot;frame6&quot;},{&quot;data&quot;:[{&quot;type&quot;:&quot;scatter&quot;,&quot;x&quot;:[1,2,3],&quot;y&quot;:[11,12,13]}],&quot;layout&quot;:{},&quot;name&quot;:&quot;frame7&quot;},{&quot;data&quot;:[{&quot;type&quot;:&quot;scatter&quot;,&quot;x&quot;:[1,2,3],&quot;y&quot;:[12,13,14]}],&quot;layout&quot;:{},&quot;name&quot;:&quot;frame8&quot;},{&quot;data&quot;:[{&quot;type&quot;:&quot;scatter&quot;,&quot;x&quot;:[1,2,3],&quot;y&quot;:[13,14,15]}],&quot;layout&quot;:{},&quot;name&quot;:&quot;frame9&quot;},{&quot;data&quot;:[{&quot;type&quot;:&quot;scatter&quot;,&quot;x&quot;:[1,2,3],&quot;y&quot;:[14,15,16]}],&quot;layout&quot;:{},&quot;name&quot;:&quot;frame10&quot;},{&quot;data&quot;:[{&quot;type&quot;:&quot;scatter&quot;,&quot;x&quot;:[1,2,3],&quot;y&quot;:[15,16,17]}],&quot;layout&quot;:{},&quot;name&quot;:&quot;frame11&quot;},{&quot;data&quot;:[{&quot;type&quot;:&quot;scatter&quot;,&quot;x&quot;:[1,2,3],&quot;y&quot;:[16,17,18]}],&quot;layout&quot;:{},&quot;name&quot;:&quot;frame12&quot;},{&quot;data&quot;:[{&quot;type&quot;:&quot;scatter&quot;,&quot;x&quot;:[1,2,3],&quot;y&quot;:[17,18,19]}],&quot;layout&quot;:{},&quot;name&quot;:&quot;frame13&quot;},{&quot;data&quot;:[{&quot;type&quot;:&quot;scatter&quot;,&quot;x&quot;:[1,2,3],&quot;y&quot;:[18,19,20]}],&quot;layout&quot;:{},&quot;name&quot;:&quot;frame14&quot;},{&quot;data&quot;:[{&quot;type&quot;:&quot;scatter&quot;,&quot;x&quot;:[1,2,3],&quot;y&quot;:[19,20,21]}],&quot;layout&quot;:{},&quot;name&quot;:&quot;frame15&quot;},{&quot;data&quot;:[{&quot;type&quot;:&quot;scatter&quot;,&quot;x&quot;:[1,2,3],&quot;y&quot;:[20,21,22]}],&quot;layout&quot;:{},&quot;name&quot;:&quot;frame16&quot;},{&quot;data&quot;:[{&quot;type&quot;:&quot;scatter&quot;,&quot;x&quot;:[1,2,3],&quot;y&quot;:[21,22,23]}],&quot;layout&quot;:{},&quot;name&quot;:&quot;frame17&quot;},{&quot;data&quot;:[{&quot;type&quot;:&quot;scatter&quot;,&quot;x&quot;:[1,2,3],&quot;y&quot;:[22,23,24]}],&quot;layout&quot;:{},&quot;name&quot;:&quot;frame18&quot;},{&quot;data&quot;:[{&quot;type&quot;:&quot;scatter&quot;,&quot;x&quot;:[1,2,3],&quot;y&quot;:[23,24,25]}],&quot;layout&quot;:{},&quot;name&quot;:&quot;frame19&quot;}]}</div>
    </body>
    <style>
        html,
        body,
        .container {
            height: 100%;
            width: 100%;
            margin: 0px;
        }
    </style>
    <script src="https://cdn.jsdelivr.net/npm/mathjax@3.2.2/es5/tex-svg.js"></script>
    <script src="https://cdn.plot.ly/plotly-3.0.1.min.js" charset="utf-8"></script>
    <script type="text/javascript">
        var dataset_str = document.querySelector('#dataset').textContent;
        var dataset = JSON.parse(dataset_str);
        dataset.layout.template = Plotly.makeTemplate(dataset.template);
        Plotly.newPlot("plot", dataset).then(function() {
            Plotly.addFrames("plot", dataset.frames);
        });
    </script>
</html>

