<!DOCTYPE html>
<html>
    <head>
        <meta charset="utf-8" />
        <title>Untitled Plot</title>
    </head>
    <body>
        <div id="plot" class="container"></div>
        <div id="dataset" style="display:none">{&quot;data&quot;:[{&quot;type&quot;:&quot;scatter&quot;,&quot;x&quot;:[1,2,3],&quot;y&quot;:[4,5,6],&quot;name&quot;:&quot;scatter 1&quot;,&quot;legendgroup&quot;:&quot;scatter 1&quot;,&quot;marker&quot;:{&quot;color&quot;:&quot;#3e3ae2&quot;},&quot;line&quot;:{&quot;color&quot;:&quot;#3e3ae2&quot;},&quot;xaxis&quot;:&quot;x&quot;,&quot;yaxis&quot;:&quot;y&quot;},{&quot;type&quot;:&quot;scatter&quot;,&quot;x&quot;:[1,2,3],&quot;y&quot;:[5,6,7],&quot;name&quot;:&quot;scatter 2&quot;,&quot;legendgroup&quot;:&quot;scatter 2&quot;,&quot;marker&quot;:{&quot;color&quot;:&quot;#53c842&quot;},&quot;line&quot;:{&quot;color&quot;:&quot;#53c842&quot;},&quot;xaxis&quot;:&quot;x&quot;,&quot;yaxis&quot;:&quot;y&quot;},{&quot;type&quot;:&quot;scatter&quot;,&quot;x&quot;:[1,2,3],&quot;y&quot;:[6,7,8],&quot;name&quot;:&quot;scatter 1&quot;,&quot;legendgroup&quot;:&quot;scatter 1&quot;,&quot;marker&quot;:{&quot;color&quot;:&quot;#3e3ae2&quot;},&quot;line&quot;:{&quot;color&quot;:&quot;#3e3ae2&quot;},&quot;showlegend&quot;:false,&quot;xaxis&quot;:&quot;x2&quot;,&quot;yaxis&quot;:&quot;y&quot;},{&quot;type&quot;:&quot;scatter&quot;,&quot;x&quot;:[1,2,3],&quot;y&quot;:[7,8,9],&quot;name&quot;:&quot;scatter 2&quot;,&quot;legendgroup&quot;:&quot;scatter 2&quot;,&quot;marker&quot;:{&quot;color&quot;:&quot;#53c842&quot;},&quot;line&quot;:{&quot;color&quot;:&quot;#53c842&quot;},&quot;showlegend&quot;:false,&quot;xaxis&quot;:&quot;x2&quot;,&quot;yaxis&quot;:&quot;y&quot;},{&quot;type&quot;:&quot;scatter&quot;,&quot;x&quot;:[1,2,3],&quot;y&quot;:[8,9,10],&quot;name&quot;:&quot;scatter 1&quot;,&quot;legendgroup&quot;:&quot;scatter 1&quot;,&quot;marker&quot;:{&quot;color&quot;:&quot;#3e3ae2&quot;},&quot;line&quot;:{&quot;color&quot;:&quot;#3e3ae2&quot;},&quot;showlegend&quot;:false,&quot;xaxis&quot;:&quot;x3&quot;,&quot;yaxis&quot;:&quot;y&quot;},{&quot;type&quot;:&quot;scatter&quot;,&quot;x&quot;:[1,2,3],&quot;y&quot;:[9,10,11],&quot;name&quot;:&quot;scatter 2&quot;,&quot;legendgroup&quot;:&quot;scatter 2&quot;,&quot;marker&quot;:{&quot;color&quot;:&quot;#53c842&quot;},&quot;line&quot;:{&quot;color&quot;:&quot;#53c842&quot;},&quot;showlegend&quot;:false,&quot;xaxis&quot;:&quot;x3&quot;,&quot;yaxis&quot;:&quot;y&quot;},{&quot;type&quot;:&quot;scatter&quot;,&quot;x&quot;:[1,2,3],&quot;y&quot;:[10,11,12],&quot;name&quot;:&quot;scatter 1&quot;,&quot;legendgroup&quot;:&quot;scatter 1&quot;,&quot;marker&quot;:{&quot;color&quot;:&quot;#3e3ae2&quot;},&quot;line&quot;:{&quot;color&quot;:&quot;#3e3ae2&quot;},&quot;showlegend&quot;:false,&quot;xaxis&quot;:&quot;x&quot;,&quot;yaxis&quot;:&quot;y2&quot;},{&quot;type&quot;:&quot;scatter&quot;,&quot;x&quot;:[1,2,3],&quot;y&quot;:[11,12,13],&quot;name&quot;:&quot;scatter 2&quot;,&quot;legendgroup&quot;:&quot;scatter 2&quot;,&quot;marker&quot;:{&quot;color&quot;:&quot;#53c842&quot;},&quot;line&quot;:{&quot;color&quot;:&quot;#53c842&quot;},&quot;showlegend&quot;:false,&quot;xaxis&quot;:&quot;x&quot;,&quot;yaxis&quot;:&quot;y2&quot;},{&quot;type&quot;:&quot;scatter&quot;,&quot;x&quot;:[1,2,3],&quot;y&quot;:[12,13,14],&quot;name&quot;:&quot;scatter 1&quot;,&quot;legendgroup&quot;:&quot;scatter 1&quot;,&quot;marker&quot;:{&quot;color&quot;:&quot;#3e3ae2&quot;},&quot;line&quot;:{&quot;color&quot;:&quot;#3e3ae2&quot;},&quot;showlegend&quot;:false,&quot;xaxis&quot;:&quot;x2&quot;,&quot;yaxis&quot;:&quot;y2&quot;},{&quot;type&quot;:&quot;scatter&quot;,&quot;x&quot;:[1,2,3],&quot;y&quot;:[13,14,15],&quot;name&quot;:&quot;scatter 2&quot;,&quot;legendgroup&quot;:&quot;scatter 2&quot;,&quot;marker&quot;:{&quot;color&quot;:&quot;#53c842&quot;},&quot;line&quot;:{&quot;color&quot;:&quot;#53c842&quot;},&quot;showlegend&quot;:false,&quot;xaxis&quot;:&quot;x2&quot;,&quot;yaxis&quot;:&quot;y2&quot;},{&quot;type&quot;:&quot;scatter&quot;,&quot;x&quot;:[1,2,3],&quot;y&quot;:[14,15,16],&quot;name&quot;:&quot;scatter 1&quot;,&quot;legendgroup&quot;:&quot;scatter 1&quot;,&quot;marker&quot;:{&quot;color&quot;:&quot;#3e3ae2&quot;},&quot;line&quot;:{&quot;color&quot;:&quot;#3e3ae2&quot;},&quot;showlegend&quot;:false,&quot;xaxis&quot;:&quot;x3&quot;,&quot;yaxis&quot;:&quot;y2&quot;},{&quot;type&quot;:&quot;scatter&quot;,&quot;x&quot;:[1,2,3],&quot;y&quot;:[15,16,17],&quot;name&quot;:&quot;scatter 2&quot;,&quot;legendgroup&quot;:&quot;scatter 2&quot;,&quot;marker&quot;:{&quot;color&quot;:&quot;#53c842&quot;},&quot;line&quot;:{&quot;color&quot;:&quot;#53c842&quot;},&quot;showlegend&quot;:false,&quot;xaxis&quot;:&quot;x3&quot;,&quot;yaxis&quot;:&quot;y2&quot;}],&quot;layout&quot;:{&quot;grid&quot;:{&quot;rows&quot;:2,&quot;columns&quot;:3},&quot;xaxis&quot;:{&quot;title&quot;:{&quot;text&quot;:&quot;x1&quot;}},&quot;xaxis2&quot;:{&quot;title&quot;:{&quot;text&quot;:&quot;x2&quot;}},&quot;xaxis3&quot;:{&quot;title&quot;:{&quot;text&quot;:&quot;x3&quot;}},&quot;yaxis&quot;:{&quot;title&quot;:{&quot;text&quot;:&quot;y1&quot;}},&quot;yaxis2&quot;:{&quot;title&quot;:{&quot;text&quot;:&quot;y2&quot;}},&quot;legend&quot;:{&quot;tracegroupgap&quot;:0.0},&quot;title&quot;:{&quot;text&quot;:&quot;Subplots in Table&quot;}},&quot;config&quot;:{&quot;scrollZoom&quot;:true,&quot;responsive&quot;:true}}</div>
    </body>
    <style>
        html,
        body,
        .container {
            height: 100%;
            width: 100%;
            margin: 0px;
        }
    </style>
    <script src="https://cdn.jsdelivr.net/npm/mathjax@3.2.2/es5/tex-svg.js"></script>
    <script src="https://cdn.plot.ly/plotly-3.0.1.min.js" charset="utf-8"></script>
    <script type="text/javascript">
        var dataset_str = document.querySelector('#dataset').textContent;
        var dataset = JSON.parse(dataset_str);
        Plotly.newPlot("plot", dataset.data, dataset.layout, dataset.config);
    </script>
</html>

