<!DOCTYPE html>
<html>
    <head>
        <meta charset="utf-8" />
        <title>Untitled Plot</title>
    </head>
    <body>
        <div id="plot" class="container"></div>
        <div id="dataset" style="display:none">{&quot;data&quot;:[{&quot;type&quot;:&quot;scatter&quot;,&quot;x&quot;:[1,2,3],&quot;y&quot;:[4,5,6],&quot;name&quot;:&quot;scatter 1&quot;,&quot;legendgroup&quot;:&quot;scatter 1&quot;,&quot;marker&quot;:{&quot;color&quot;:&quot;#3e3ae2&quot;},&quot;line&quot;:{&quot;color&quot;:&quot;#3e3ae2&quot;}},{&quot;type&quot;:&quot;scatter&quot;,&quot;x&quot;:[1,2,3],&quot;y&quot;:[5,6,7],&quot;name&quot;:&quot;scatter 2&quot;,&quot;legendgroup&quot;:&quot;scatter 2&quot;,&quot;marker&quot;:{&quot;color&quot;:&quot;#53c842&quot;},&quot;line&quot;:{&quot;color&quot;:&quot;#53c842&quot;}},{&quot;type&quot;:&quot;scatter&quot;,&quot;x&quot;:[1,2,3],&quot;y&quot;:[6,7,8],&quot;name&quot;:&quot;scatter 1&quot;,&quot;legendgroup&quot;:&quot;scatter 1&quot;,&quot;marker&quot;:{&quot;color&quot;:&quot;#3e3ae2&quot;},&quot;line&quot;:{&quot;color&quot;:&quot;#3e3ae2&quot;},&quot;showlegend&quot;:false,&quot;xaxis&quot;:&quot;x2&quot;},{&quot;type&quot;:&quot;scatter&quot;,&quot;x&quot;:[1,2,3],&quot;y&quot;:[7,8,9],&quot;name&quot;:&quot;scatter 2&quot;,&quot;legendgroup&quot;:&quot;scatter 2&quot;,&quot;marker&quot;:{&quot;color&quot;:&quot;#53c842&quot;},&quot;line&quot;:{&quot;color&quot;:&quot;#53c842&quot;},&quot;showlegend&quot;:false,&quot;xaxis&quot;:&quot;x2&quot;},{&quot;type&quot;:&quot;scatter&quot;,&quot;x&quot;:[1,2,3],&quot;y&quot;:[8,9,10],&quot;name&quot;:&quot;scatter 1&quot;,&quot;legendgroup&quot;:&quot;scatter 1&quot;,&quot;marker&quot;:{&quot;color&quot;:&quot;#3e3ae2&quot;},&quot;line&quot;:{&quot;color&quot;:&quot;#3e3ae2&quot;},&quot;showlegend&quot;:false,&quot;xaxis&quot;:&quot;x3&quot;},{&quot;type&quot;:&quot;scatter&quot;,&quot;x&quot;:[1,2,3],&quot;y&quot;:[9,10,11],&quot;name&quot;:&quot;scatter 2&quot;,&quot;legendgroup&quot;:&quot;scatter 2&quot;,&quot;marker&quot;:{&quot;color&quot;:&quot;#53c842&quot;},&quot;line&quot;:{&quot;color&quot;:&quot;#53c842&quot;},&quot;showlegend&quot;:false,&quot;xaxis&quot;:&quot;x3&quot;}],&quot;layout&quot;:{&quot;grid&quot;:{&quot;rows&quot;:1,&quot;columns&quot;:3},&quot;xaxis&quot;:{&quot;title&quot;:{&quot;text&quot;:&quot;x1&quot;}},&quot;xaxis2&quot;:{&quot;title&quot;:{&quot;text&quot;:&quot;x2&quot;}},&quot;xaxis3&quot;:{&quot;title&quot;:{&quot;text&quot;:&quot;x3&quot;}},&quot;yaxis&quot;:{&quot;title&quot;:{&quot;text&quot;:&quot;y&quot;}},&quot;legend&quot;:{&quot;tracegroupgap&quot;:0.0},&quot;title&quot;:{&quot;text&quot;:&quot;Subplots in Columns&quot;}},&quot;config&quot;:{&quot;scrollZoom&quot;:true,&quot;responsive&quot;:true},&quot;template&quot;:{&quot;data&quot;:[],&quot;layout&quot;:{&quot;title&quot;:{&quot;x&quot;:0.05},&quot;xaxis&quot;:{&quot;showline&quot;:true,&quot;linecolor&quot;:&quot;#242424&quot;,&quot;gridcolor&quot;:&quot;#C8C8C8&quot;,&quot;zerolinecolor&quot;:&quot;#C8C8C8&quot;,&quot;ticks&quot;:&quot;outside&quot;},&quot;yaxis&quot;:{&quot;showline&quot;:true,&quot;linecolor&quot;:&quot;#242424&quot;,&quot;gridcolor&quot;:&quot;#C8C8C8&quot;,&quot;zerolinecolor&quot;:&quot;#C8C8C8&quot;,&quot;ticks&quot;:&quot;outside&quot;}}}}</div>
    </body>
    <style>
        html,
        body,
        .container {
            height: 100%;
            width: 100%;
            margin: 0px;
        }
    </style>
    <script src="https://cdn.jsdelivr.net/npm/mathjax@3.2.2/es5/tex-svg.js"></script>
    <script src="https://cdn.plot.ly/plotly-3.1.0.min.js" charset="utf-8"></script>
    <script type="text/javascript">
        var dataset_str = document.querySelector('#dataset').textContent;
        var dataset = JSON.parse(dataset_str);
        dataset.layout.template = Plotly.makeTemplate(dataset.template);
        Plotly.newPlot("plot", dataset);
    </script>
</html>

