<!DOCTYPE html>
<html>
    <head>
        <meta charset="utf-8" />
        <title>Untitled Plot</title>
    </head>
    <body>
        <div id="plot" class="container"></div>
        <div id="dataset" style="display:none">{&quot;data&quot;:[{&quot;type&quot;:&quot;violin&quot;,&quot;x&quot;:[&quot;A&quot;,&quot;A&quot;,&quot;A&quot;,&quot;A&quot;,&quot;A&quot;,&quot;B&quot;,&quot;B&quot;,&quot;B&quot;,&quot;B&quot;,&quot;B&quot;],&quot;y&quot;:[1,2,3,4,5,6,7,8,9,10],&quot;text&quot;:[&quot;a&quot;,&quot;b&quot;,&quot;c&quot;,&quot;d&quot;,&quot;e&quot;,&quot;f&quot;,&quot;g&quot;,&quot;h&quot;,&quot;i&quot;,&quot;j&quot;],&quot;hovertemplate&quot;:&quot;x: %{x}&lt;br&gt;y: %{y}&lt;br&gt;text: %{text}&quot;,&quot;points&quot;:&quot;all&quot;}],&quot;layout&quot;:{},&quot;config&quot;:{&quot;scrollZoom&quot;:true,&quot;responsive&quot;:true},&quot;template&quot;:{&quot;data&quot;:[],&quot;layout&quot;:{&quot;title&quot;:{&quot;x&quot;:0.05},&quot;xaxis&quot;:{&quot;showline&quot;:true,&quot;linecolor&quot;:&quot;#242424&quot;,&quot;gridcolor&quot;:&quot;#C8C8C8&quot;,&quot;zerolinecolor&quot;:&quot;#C8C8C8&quot;,&quot;mirror&quot;:&quot;allticks&quot;},&quot;yaxis&quot;:{&quot;showline&quot;:true,&quot;linecolor&quot;:&quot;#242424&quot;,&quot;gridcolor&quot;:&quot;#C8C8C8&quot;,&quot;zerolinecolor&quot;:&quot;#C8C8C8&quot;,&quot;mirror&quot;:&quot;allticks&quot;}}}}</div>
    </body>
    <style>
        html,
        body,
        .container {
            height: 100%;
            width: 100%;
            margin: 0px;
        }
    </style>
    <script src="https://cdn.jsdelivr.net/npm/mathjax@3.2.2/es5/tex-svg.js"></script>
    <script src="https://cdn.plot.ly/plotly-3.0.1.min.js" charset="utf-8"></script>
    <script type="text/javascript">
        var dataset_str = document.querySelector('#dataset').textContent;
        var dataset = JSON.parse(dataset_str);
        var layout = dataset.layout;
        layout.template = Plotly.makeTemplate(dataset.template);
        Plotly.newPlot("plot", dataset.data, layout, dataset.config);
    </script>
</html>

